Fitter Place Stage Report for SimpleIOCapExposerKeyMngrV2Tb_design
Fri Oct 17 18:28:08 2025
Quartus Prime Version 23.2.0 Build 94 06/14/2023 SC Pro Edition


---------------------
; Table of Contents ;
---------------------
  1. Legal Notice
  2. Fitter Resource Usage Summary
  3. Fitter Resource Utilization by Entity
  4. Global & Other Fast Signals Summary
  5. Global Signal Visualization
  6. Global & Other Fast Signals Details
  7. Non-Global High Fan-Out Signals
  8. Fitter RAM Summary
  9. Fitter Physical RAM Information
 10. Place Messages



----------------
; Legal Notice ;
----------------
Copyright (C) 2023  Intel Corporation. All rights reserved.
Your use of Intel Corporation's design tools, logic functions 
and other software and tools, and any partner logic 
functions, and any output files from any of the foregoing 
(including device programming or simulation files), and any 
associated documentation or information are expressly subject 
to the terms and conditions of the Intel Program License 
Subscription Agreement, the Intel Quartus Prime License Agreement,
the Intel FPGA IP License Agreement, or other applicable license
agreement, including, without limitation, that your use is for
the sole purpose of programming logic devices manufactured by
Intel and sold by Intel or its authorized distributors.  Please
refer to the applicable agreement for further details, at
https://fpgasoftware.intel.com/eula.



+--------------------------------------------------------------------------------------------+
; Fitter Resource Usage Summary                                                              ;
+-------------------------------------------------------------+----------------------+-------+
; Resource                                                    ; Usage                ; %     ;
+-------------------------------------------------------------+----------------------+-------+
; Usage Report Generated after: Place                         ;                      ;       ;
;                                                             ;                      ;       ;
; Logic utilization (ALMs needed / total ALMs on device)      ; 69,821 / 933,120     ; 7 %   ;
; ALMs needed [=A-B+C]                                        ; 69,821               ;       ;
;     [A] ALMs used in final placement [=a+b+c+d]             ; 77,504 / 933,120     ; 8 %   ;
;         [a] ALMs used for LUT logic and register circuitry  ; 17,718               ;       ;
;         [b] ALMs used for LUT logic                         ; 51,469               ;       ;
;         [c] ALMs used for register circuitry                ; 8,317                ;       ;
;         [d] ALMs used for memory (up to half of total ALMs) ; 0                    ;       ;
;     [B] Estimate of ALMs recoverable by dense packing       ; 8,215 / 933,120      ; < 1 % ;
;     [C] Estimate of ALMs unavailable [=a+b+c+d]             ; 532 / 933,120        ; < 1 % ;
;         [a] Due to location constrained logic               ; 0                    ;       ;
;         [b] Due to LAB-wide signal conflicts                ; 0                    ;       ;
;         [c] Due to LAB input limits                         ; 532                  ;       ;
;         [d] Due to virtual I/Os                             ; 0                    ;       ;
;                                                             ;                      ;       ;
; Difficulty packing design                                   ; High                 ;       ;
;                                                             ;                      ;       ;
; Total LABs:  partially or completely used                   ; 8,485 / 93,312       ; 9 %   ;
;     -- Logic LABs                                           ; 8,485                ;       ;
;     -- Memory LABs (up to half of total LABs)               ; 0                    ;       ;
;                                                             ;                      ;       ;
; Combinational ALUT usage for logic                          ; 91,971               ;       ;
;     -- 8 input functions                                    ; 2,994                ;       ;
;     -- 7 input functions                                    ; 879                  ;       ;
;     -- 6 input functions                                    ; 34,611               ;       ;
;     -- 5 input functions                                    ; 14,701               ;       ;
;     -- 4 input functions                                    ; 14,358               ;       ;
;     -- <=3 input functions                                  ; 24,428               ;       ;
; Combinational ALUT usage for route-throughs                 ; 12,581               ;       ;
;                                                             ;                      ;       ;
; Dedicated logic registers                                   ; 55,050               ;       ;
;     -- By type:                                             ;                      ;       ;
;         -- LAB logic registers:                             ;                      ;       ;
;             -- Primary logic registers                      ; 52,069 / 1,866,240   ; 3 %   ;
;             -- Secondary logic registers                    ; 2,981 / 1,866,240    ; < 1 % ;
;         -- Hyper-Registers:                                 ; 0                    ;       ;
;                                                             ;                      ;       ;
; Register control circuitry for power estimation             ; 0                    ;       ;
;                                                             ;                      ;       ;
; ALMs adjustment for power estimation                        ; 4,601                ;       ;
;                                                             ;                      ;       ;
; I/O pins                                                    ; 5 / 1,152            ; < 1 % ;
;     -- Clock pins                                           ; 1 / 88               ; 1 %   ;
;     -- Dedicated input pins                                 ; 0 / 198              ; 0 %   ;
;                                                             ;                      ;       ;
; Hard processor system peripheral utilization                ;                      ;       ;
;     -- Clock resets                                         ; 0 / 1 ( 0 % )        ;       ;
;     -- Cross trigger                                        ; 0 / 1 ( 0 % )        ;       ;
;     -- S2F AXI                                              ; 0 / 1 ( 0 % )        ;       ;
;     -- F2S AXI                                              ; 0 / 1 ( 0 % )        ;       ;
;     -- AXI Lightweight                                      ; 0 / 1 ( 0 % )        ;       ;
;     -- SDRAM                                                ; 0 / 1 ( 0 % )        ;       ;
;     -- Interrupts                                           ; 0 / 1 ( 0 % )        ;       ;
;     -- JTAG                                                 ; 0 / 1 ( 0 % )        ;       ;
;     -- Loan I/O                                             ; 0 / 1 ( 0 % )        ;       ;
;     -- MPU event standby                                    ; 0 / 1 ( 0 % )        ;       ;
;     -- MPU general purpose                                  ; 0 / 1 ( 0 % )        ;       ;
;     -- STM event                                            ; 0 / 1 ( 0 % )        ;       ;
;     -- TPIU trace                                           ; 0 / 1 ( 0 % )        ;       ;
;     -- DMA                                                  ; 0 / 1 ( 0 % )        ;       ;
;     -- EMAC                                                 ; 0 / 3 ( 0 % )        ;       ;
;     -- I2C                                                  ; 0 / 5 ( 0 % )        ;       ;
;     -- NAND Flash                                           ; 0 / 1 ( 0 % )        ;       ;
;     -- SDMMC                                                ; 0 / 1 ( 0 % )        ;       ;
;     -- SPI Master                                           ; 0 / 2 ( 0 % )        ;       ;
;     -- SPI Slave                                            ; 0 / 2 ( 0 % )        ;       ;
;     -- UART                                                 ; 0 / 2 ( 0 % )        ;       ;
;                                                             ;                      ;       ;
; M20K blocks                                                 ; 3 / 11,721           ; < 1 % ;
; Total MLAB memory bits                                      ; 0                    ;       ;
; Total block memory bits                                     ; 1,078 / 240,046,080  ; < 1 % ;
; Total block memory implementation bits                      ; 61,440 / 240,046,080 ; < 1 % ;
;                                                             ;                      ;       ;
; DSP Blocks Needed [=A+B-C]                                  ; 0 / 5,760            ; 0 %   ;
;     [A] Total Fixed Point DSP Blocks                        ; 0                    ;       ;
;     [B] Total Floating Point DSP Blocks                     ; 0                    ;       ;
;     [C] Estimate of DSP Blocks recoverable by dense merging ; 0                    ;       ;
;                                                             ;                      ;       ;
; IOPLLs                                                      ; 0 / 24               ; 0 %   ;
; Global signals                                              ; 1                    ;       ;
; Impedance control blocks                                    ; 0 / 24               ; 0 %   ;
; Maximum fan-out                                             ; 390                  ;       ;
; Highest non-global fan-out                                  ; 390                  ;       ;
; Total fan-out                                               ; 494235               ;       ;
; Average fan-out                                             ; 3.52                 ;       ;
+-------------------------------------------------------------+----------------------+-------+
The Fitter Resource Usage Summary report displays a detailed analysis of logic utilization based on calculations of ALM usage. Refer to <a class="xref" href="https://www.intel.com/content/www/us/en/programmable/quartushelp/current/index.htm#mapIdTopics/mwh1465496451103.htm" target="_blank">Fitter Resource Usage Summary Report</a> in the <i>Intel® Quartus® Prime Pro Edition Help</i> for more information.


+------------------------------------------------------------------------------------------------------------------------------------------------------------------------------------------------------------------------------------------------------------------------------------------------------------------------------------------------------------------------------------------------------------------------------------------------------------------------------------------------------------------------------------------------------------------------------------------------------------------------------------------------+
; Fitter Resource Utilization by Entity                                                                                                                                                                                                                                                                                                                                                                                                                                                                                                                                                                                                          ;
+--------------------------------------------------------------------+----------------------+----------------------------------+---------------------------------------------------+----------------------------------+----------------------+---------------------+---------------------------+---------------+-------------------+-------+--------------------------+----------------------------------------+---------------------------------------------------+------+--------+-------------------------------------------------------------------------------------------+--------------------------------------------------+--------------+
; Compilation Hierarchy Node                                         ; ALMs needed [=A-B+C] ; [A] ALMs used in final placement ; [B] Estimate of ALMs recoverable by dense packing ; [C] Estimate of ALMs unavailable ; ALMs used for memory ; Combinational ALUTs ; Dedicated Logic Registers ; I/O Registers ; Block Memory Bits ; M20Ks ; DSP Blocks needed [=A-B] ; [A] DSP Blocks used in final placement ; [B] Estimate of DSPs recoverable by dense merging ; Pins ; IOPLLs ; Full Hierarchy Name                                                                       ; Entity Name                                      ; Library Name ;
+--------------------------------------------------------------------+----------------------+----------------------------------+---------------------------------------------------+----------------------------------+----------------------+---------------------+---------------------------+---------------+-------------------+-------+--------------------------+----------------------------------------+---------------------------------------------------+------+--------+-------------------------------------------------------------------------------------------+--------------------------------------------------+--------------+
; |                                                                  ; 69823.0 (0.0)        ; 77500.8 (0.0)                    ; 8209.7 (0.0)                                      ; 531.9 (0.0)                      ; 0.0 (0.0)            ; 91971 (0)           ; 55050 (0)                 ; 0 (0)         ; 1078              ; 3     ; 0                        ; 0                                      ; 0                                                 ; 10   ; 0 (0)  ; |                                                                                         ; SimpleIOCapExposerKeyMngrV2Tb_design             ; altera_work  ;
;    |dut|                                                           ; 69593.3 (34382.4)    ; 77066.8 (39856.7)                ; 7991.5 (5937.3)                                   ; 518.1 (463.0)                    ; 0.0 (0.0)            ; 91614 (54767)       ; 53997 (33062)             ; 0 (0)         ; 1078              ; 3     ; 0                        ; 0                                      ; 0                                                 ; 0    ; 0 (0)  ; dut                                                                                       ; mkSimpleIOCapExposerV6_blockinvalid_1percycle_Tb ; altera_work  ;
;       |exposer4x32Impl_arChecker_checkers_0_calc|                  ; 1091.8 (1091.8)      ; 1125.8 (1125.8)                  ; 34.8 (34.8)                                       ; 0.8 (0.8)                        ; 0.0 (0.0)            ; 1214 (1214)         ; 260 (260)                 ; 0 (0)         ; 0                 ; 0     ; 0                        ; 0                                      ; 0                                                 ; 0    ; 0 (0)  ; dut|exposer4x32Impl_arChecker_checkers_0_calc                                             ; mkInternalCalc_2024Aes1RoundPerCycleFast         ; altera_work  ;
;       |exposer4x32Impl_arChecker_checkers_0_decodeInFIFO|          ; 133.6 (133.6)        ; 143.4 (143.4)                    ; 9.8 (9.8)                                         ; 0.0 (0.0)                        ; 0.0 (0.0)            ; 112 (112)           ; 212 (212)                 ; 0 (0)         ; 0                 ; 0     ; 0                        ; 0                                      ; 0                                                 ; 0    ; 0 (0)  ; dut|exposer4x32Impl_arChecker_checkers_0_decodeInFIFO                                     ; FIFO2                                            ; altera_work  ;
;       |exposer4x32Impl_arChecker_checkers_0_decodeOutFIFO|         ; 164.0 (164.0)        ; 185.2 (185.2)                    ; 21.3 (21.3)                                       ; 0.1 (0.1)                        ; 0.0 (0.0)            ; 147 (147)           ; 266 (266)                 ; 0 (0)         ; 0                 ; 0     ; 0                        ; 0                                      ; 0                                                 ; 0    ; 0 (0)  ; dut|exposer4x32Impl_arChecker_checkers_0_decodeOutFIFO                                    ; FIFO2                                            ; altera_work  ;
;       |exposer4x32Impl_arChecker_checkers_10_calc|                 ; 1091.5 (1091.5)      ; 1123.7 (1123.7)                  ; 32.8 (32.8)                                       ; 0.7 (0.7)                        ; 0.0 (0.0)            ; 1214 (1214)         ; 260 (260)                 ; 0 (0)         ; 0                 ; 0     ; 0                        ; 0                                      ; 0                                                 ; 0    ; 0 (0)  ; dut|exposer4x32Impl_arChecker_checkers_10_calc                                            ; mkInternalCalc_2024Aes1RoundPerCycleFast         ; altera_work  ;
;       |exposer4x32Impl_arChecker_checkers_10_decodeInFIFO|         ; 133.4 (133.4)        ; 142.3 (142.3)                    ; 9.0 (9.0)                                         ; 0.0 (0.0)                        ; 0.0 (0.0)            ; 111 (111)           ; 212 (212)                 ; 0 (0)         ; 0                 ; 0     ; 0                        ; 0                                      ; 0                                                 ; 0    ; 0 (0)  ; dut|exposer4x32Impl_arChecker_checkers_10_decodeInFIFO                                    ; FIFO2                                            ; altera_work  ;
;       |exposer4x32Impl_arChecker_checkers_10_decodeOutFIFO|        ; 161.8 (161.8)        ; 187.2 (187.2)                    ; 25.6 (25.6)                                       ; 0.1 (0.1)                        ; 0.0 (0.0)            ; 146 (146)           ; 266 (266)                 ; 0 (0)         ; 0                 ; 0     ; 0                        ; 0                                      ; 0                                                 ; 0    ; 0 (0)  ; dut|exposer4x32Impl_arChecker_checkers_10_decodeOutFIFO                                   ; FIFO2                                            ; altera_work  ;
;       |exposer4x32Impl_arChecker_checkers_11_calc|                 ; 1089.1 (1089.1)      ; 1120.0 (1120.0)                  ; 31.8 (31.8)                                       ; 1.0 (1.0)                        ; 0.0 (0.0)            ; 1214 (1214)         ; 260 (260)                 ; 0 (0)         ; 0                 ; 0     ; 0                        ; 0                                      ; 0                                                 ; 0    ; 0 (0)  ; dut|exposer4x32Impl_arChecker_checkers_11_calc                                            ; mkInternalCalc_2024Aes1RoundPerCycleFast         ; altera_work  ;
;       |exposer4x32Impl_arChecker_checkers_11_decodeInFIFO|         ; 133.9 (133.9)        ; 149.1 (149.1)                    ; 15.2 (15.2)                                       ; 0.0 (0.0)                        ; 0.0 (0.0)            ; 111 (111)           ; 219 (219)                 ; 0 (0)         ; 0                 ; 0     ; 0                        ; 0                                      ; 0                                                 ; 0    ; 0 (0)  ; dut|exposer4x32Impl_arChecker_checkers_11_decodeInFIFO                                    ; FIFO2                                            ; altera_work  ;
;       |exposer4x32Impl_arChecker_checkers_11_decodeOutFIFO|        ; 164.8 (164.8)        ; 187.3 (187.3)                    ; 22.6 (22.6)                                       ; 0.0 (0.0)                        ; 0.0 (0.0)            ; 146 (146)           ; 266 (266)                 ; 0 (0)         ; 0                 ; 0     ; 0                        ; 0                                      ; 0                                                 ; 0    ; 0 (0)  ; dut|exposer4x32Impl_arChecker_checkers_11_decodeOutFIFO                                   ; FIFO2                                            ; altera_work  ;
;       |exposer4x32Impl_arChecker_checkers_1_calc|                  ; 1091.9 (1091.9)      ; 1120.5 (1120.5)                  ; 30.0 (30.0)                                       ; 1.4 (1.4)                        ; 0.0 (0.0)            ; 1214 (1214)         ; 260 (260)                 ; 0 (0)         ; 0                 ; 0     ; 0                        ; 0                                      ; 0                                                 ; 0    ; 0 (0)  ; dut|exposer4x32Impl_arChecker_checkers_1_calc                                             ; mkInternalCalc_2024Aes1RoundPerCycleFast         ; altera_work  ;
;       |exposer4x32Impl_arChecker_checkers_1_decodeInFIFO|          ; 135.6 (135.6)        ; 142.9 (142.9)                    ; 7.3 (7.3)                                         ; 0.0 (0.0)                        ; 0.0 (0.0)            ; 111 (111)           ; 217 (217)                 ; 0 (0)         ; 0                 ; 0     ; 0                        ; 0                                      ; 0                                                 ; 0    ; 0 (0)  ; dut|exposer4x32Impl_arChecker_checkers_1_decodeInFIFO                                     ; FIFO2                                            ; altera_work  ;
;       |exposer4x32Impl_arChecker_checkers_1_decodeOutFIFO|         ; 163.9 (163.9)        ; 184.0 (184.0)                    ; 20.1 (20.1)                                       ; 0.0 (0.0)                        ; 0.0 (0.0)            ; 146 (146)           ; 266 (266)                 ; 0 (0)         ; 0                 ; 0     ; 0                        ; 0                                      ; 0                                                 ; 0    ; 0 (0)  ; dut|exposer4x32Impl_arChecker_checkers_1_decodeOutFIFO                                    ; FIFO2                                            ; altera_work  ;
;       |exposer4x32Impl_arChecker_checkers_2_calc|                  ; 1098.4 (1098.4)      ; 1122.9 (1122.9)                  ; 25.0 (25.0)                                       ; 0.5 (0.5)                        ; 0.0 (0.0)            ; 1214 (1214)         ; 260 (260)                 ; 0 (0)         ; 0                 ; 0     ; 0                        ; 0                                      ; 0                                                 ; 0    ; 0 (0)  ; dut|exposer4x32Impl_arChecker_checkers_2_calc                                             ; mkInternalCalc_2024Aes1RoundPerCycleFast         ; altera_work  ;
;       |exposer4x32Impl_arChecker_checkers_2_decodeInFIFO|          ; 133.3 (133.3)        ; 143.4 (143.4)                    ; 10.2 (10.2)                                       ; 0.1 (0.1)                        ; 0.0 (0.0)            ; 111 (111)           ; 212 (212)                 ; 0 (0)         ; 0                 ; 0     ; 0                        ; 0                                      ; 0                                                 ; 0    ; 0 (0)  ; dut|exposer4x32Impl_arChecker_checkers_2_decodeInFIFO                                     ; FIFO2                                            ; altera_work  ;
;       |exposer4x32Impl_arChecker_checkers_2_decodeOutFIFO|         ; 160.4 (160.4)        ; 188.2 (188.2)                    ; 27.9 (27.9)                                       ; 0.1 (0.1)                        ; 0.0 (0.0)            ; 146 (146)           ; 266 (266)                 ; 0 (0)         ; 0                 ; 0     ; 0                        ; 0                                      ; 0                                                 ; 0    ; 0 (0)  ; dut|exposer4x32Impl_arChecker_checkers_2_decodeOutFIFO                                    ; FIFO2                                            ; altera_work  ;
;       |exposer4x32Impl_arChecker_checkers_3_calc|                  ; 1086.6 (1086.6)      ; 1123.3 (1123.3)                  ; 39.2 (39.2)                                       ; 2.6 (2.6)                        ; 0.0 (0.0)            ; 1214 (1214)         ; 260 (260)                 ; 0 (0)         ; 0                 ; 0     ; 0                        ; 0                                      ; 0                                                 ; 0    ; 0 (0)  ; dut|exposer4x32Impl_arChecker_checkers_3_calc                                             ; mkInternalCalc_2024Aes1RoundPerCycleFast         ; altera_work  ;
;       |exposer4x32Impl_arChecker_checkers_3_decodeInFIFO|          ; 132.7 (132.7)        ; 140.8 (140.8)                    ; 8.2 (8.2)                                         ; 0.0 (0.0)                        ; 0.0 (0.0)            ; 111 (111)           ; 212 (212)                 ; 0 (0)         ; 0                 ; 0     ; 0                        ; 0                                      ; 0                                                 ; 0    ; 0 (0)  ; dut|exposer4x32Impl_arChecker_checkers_3_decodeInFIFO                                     ; FIFO2                                            ; altera_work  ;
;       |exposer4x32Impl_arChecker_checkers_3_decodeOutFIFO|         ; 163.8 (163.8)        ; 184.9 (184.9)                    ; 21.1 (21.1)                                       ; 0.0 (0.0)                        ; 0.0 (0.0)            ; 146 (146)           ; 266 (266)                 ; 0 (0)         ; 0                 ; 0     ; 0                        ; 0                                      ; 0                                                 ; 0    ; 0 (0)  ; dut|exposer4x32Impl_arChecker_checkers_3_decodeOutFIFO                                    ; FIFO2                                            ; altera_work  ;
;       |exposer4x32Impl_arChecker_checkers_4_calc|                  ; 1091.7 (1091.7)      ; 1120.5 (1120.5)                  ; 29.8 (29.8)                                       ; 1.0 (1.0)                        ; 0.0 (0.0)            ; 1214 (1214)         ; 260 (260)                 ; 0 (0)         ; 0                 ; 0     ; 0                        ; 0                                      ; 0                                                 ; 0    ; 0 (0)  ; dut|exposer4x32Impl_arChecker_checkers_4_calc                                             ; mkInternalCalc_2024Aes1RoundPerCycleFast         ; altera_work  ;
;       |exposer4x32Impl_arChecker_checkers_4_decodeInFIFO|          ; 135.1 (135.1)        ; 150.6 (150.6)                    ; 15.6 (15.6)                                       ; 0.1 (0.1)                        ; 0.0 (0.0)            ; 111 (111)           ; 223 (223)                 ; 0 (0)         ; 0                 ; 0     ; 0                        ; 0                                      ; 0                                                 ; 0    ; 0 (0)  ; dut|exposer4x32Impl_arChecker_checkers_4_decodeInFIFO                                     ; FIFO2                                            ; altera_work  ;
;       |exposer4x32Impl_arChecker_checkers_4_decodeOutFIFO|         ; 163.7 (163.7)        ; 185.7 (185.7)                    ; 22.0 (22.0)                                       ; 0.0 (0.0)                        ; 0.0 (0.0)            ; 146 (146)           ; 266 (266)                 ; 0 (0)         ; 0                 ; 0     ; 0                        ; 0                                      ; 0                                                 ; 0    ; 0 (0)  ; dut|exposer4x32Impl_arChecker_checkers_4_decodeOutFIFO                                    ; FIFO2                                            ; altera_work  ;
;       |exposer4x32Impl_arChecker_checkers_5_calc|                  ; 1092.7 (1092.7)      ; 1126.7 (1126.7)                  ; 35.9 (35.9)                                       ; 1.8 (1.8)                        ; 0.0 (0.0)            ; 1214 (1214)         ; 260 (260)                 ; 0 (0)         ; 0                 ; 0     ; 0                        ; 0                                      ; 0                                                 ; 0    ; 0 (0)  ; dut|exposer4x32Impl_arChecker_checkers_5_calc                                             ; mkInternalCalc_2024Aes1RoundPerCycleFast         ; altera_work  ;
;       |exposer4x32Impl_arChecker_checkers_5_decodeInFIFO|          ; 133.8 (133.8)        ; 142.3 (142.3)                    ; 8.5 (8.5)                                         ; 0.0 (0.0)                        ; 0.0 (0.0)            ; 112 (112)           ; 212 (212)                 ; 0 (0)         ; 0                 ; 0     ; 0                        ; 0                                      ; 0                                                 ; 0    ; 0 (0)  ; dut|exposer4x32Impl_arChecker_checkers_5_decodeInFIFO                                     ; FIFO2                                            ; altera_work  ;
;       |exposer4x32Impl_arChecker_checkers_5_decodeOutFIFO|         ; 161.8 (161.8)        ; 184.9 (184.9)                    ; 23.3 (23.3)                                       ; 0.2 (0.2)                        ; 0.0 (0.0)            ; 147 (147)           ; 266 (266)                 ; 0 (0)         ; 0                 ; 0     ; 0                        ; 0                                      ; 0                                                 ; 0    ; 0 (0)  ; dut|exposer4x32Impl_arChecker_checkers_5_decodeOutFIFO                                    ; FIFO2                                            ; altera_work  ;
;       |exposer4x32Impl_arChecker_checkers_6_calc|                  ; 1088.0 (1088.0)      ; 1126.7 (1126.7)                  ; 39.4 (39.4)                                       ; 0.7 (0.7)                        ; 0.0 (0.0)            ; 1214 (1214)         ; 260 (260)                 ; 0 (0)         ; 0                 ; 0     ; 0                        ; 0                                      ; 0                                                 ; 0    ; 0 (0)  ; dut|exposer4x32Impl_arChecker_checkers_6_calc                                             ; mkInternalCalc_2024Aes1RoundPerCycleFast         ; altera_work  ;
;       |exposer4x32Impl_arChecker_checkers_6_decodeInFIFO|          ; 139.3 (139.3)        ; 151.3 (151.3)                    ; 12.2 (12.2)                                       ; 0.3 (0.3)                        ; 0.0 (0.0)            ; 112 (112)           ; 229 (229)                 ; 0 (0)         ; 0                 ; 0     ; 0                        ; 0                                      ; 0                                                 ; 0    ; 0 (0)  ; dut|exposer4x32Impl_arChecker_checkers_6_decodeInFIFO                                     ; FIFO2                                            ; altera_work  ;
;       |exposer4x32Impl_arChecker_checkers_6_decodeOutFIFO|         ; 173.8 (173.8)        ; 179.9 (179.9)                    ; 6.2 (6.2)                                         ; 0.0 (0.0)                        ; 0.0 (0.0)            ; 146 (146)           ; 266 (266)                 ; 0 (0)         ; 0                 ; 0     ; 0                        ; 0                                      ; 0                                                 ; 0    ; 0 (0)  ; dut|exposer4x32Impl_arChecker_checkers_6_decodeOutFIFO                                    ; FIFO2                                            ; altera_work  ;
;       |exposer4x32Impl_arChecker_checkers_7_calc|                  ; 1089.4 (1089.4)      ; 1122.1 (1122.1)                  ; 34.0 (34.0)                                       ; 1.4 (1.4)                        ; 0.0 (0.0)            ; 1214 (1214)         ; 260 (260)                 ; 0 (0)         ; 0                 ; 0     ; 0                        ; 0                                      ; 0                                                 ; 0    ; 0 (0)  ; dut|exposer4x32Impl_arChecker_checkers_7_calc                                             ; mkInternalCalc_2024Aes1RoundPerCycleFast         ; altera_work  ;
;       |exposer4x32Impl_arChecker_checkers_7_decodeInFIFO|          ; 133.4 (133.4)        ; 139.1 (139.1)                    ; 6.0 (6.0)                                         ; 0.4 (0.4)                        ; 0.0 (0.0)            ; 112 (112)           ; 212 (212)                 ; 0 (0)         ; 0                 ; 0     ; 0                        ; 0                                      ; 0                                                 ; 0    ; 0 (0)  ; dut|exposer4x32Impl_arChecker_checkers_7_decodeInFIFO                                     ; FIFO2                                            ; altera_work  ;
;       |exposer4x32Impl_arChecker_checkers_7_decodeOutFIFO|         ; 164.9 (164.9)        ; 185.7 (185.7)                    ; 20.8 (20.8)                                       ; 0.1 (0.1)                        ; 0.0 (0.0)            ; 146 (146)           ; 266 (266)                 ; 0 (0)         ; 0                 ; 0     ; 0                        ; 0                                      ; 0                                                 ; 0    ; 0 (0)  ; dut|exposer4x32Impl_arChecker_checkers_7_decodeOutFIFO                                    ; FIFO2                                            ; altera_work  ;
;       |exposer4x32Impl_arChecker_checkers_8_calc|                  ; 1090.9 (1090.9)      ; 1122.6 (1122.6)                  ; 32.6 (32.6)                                       ; 0.9 (0.9)                        ; 0.0 (0.0)            ; 1214 (1214)         ; 260 (260)                 ; 0 (0)         ; 0                 ; 0     ; 0                        ; 0                                      ; 0                                                 ; 0    ; 0 (0)  ; dut|exposer4x32Impl_arChecker_checkers_8_calc                                             ; mkInternalCalc_2024Aes1RoundPerCycleFast         ; altera_work  ;
;       |exposer4x32Impl_arChecker_checkers_8_decodeInFIFO|          ; 134.2 (134.2)        ; 137.1 (137.1)                    ; 3.2 (3.2)                                         ; 0.3 (0.3)                        ; 0.0 (0.0)            ; 111 (111)           ; 212 (212)                 ; 0 (0)         ; 0                 ; 0     ; 0                        ; 0                                      ; 0                                                 ; 0    ; 0 (0)  ; dut|exposer4x32Impl_arChecker_checkers_8_decodeInFIFO                                     ; FIFO2                                            ; altera_work  ;
;       |exposer4x32Impl_arChecker_checkers_8_decodeOutFIFO|         ; 164.6 (164.6)        ; 186.8 (186.8)                    ; 22.4 (22.4)                                       ; 0.2 (0.2)                        ; 0.0 (0.0)            ; 146 (146)           ; 266 (266)                 ; 0 (0)         ; 0                 ; 0     ; 0                        ; 0                                      ; 0                                                 ; 0    ; 0 (0)  ; dut|exposer4x32Impl_arChecker_checkers_8_decodeOutFIFO                                    ; FIFO2                                            ; altera_work  ;
;       |exposer4x32Impl_arChecker_checkers_9_calc|                  ; 1096.1 (1096.1)      ; 1127.8 (1127.8)                  ; 32.4 (32.4)                                       ; 0.7 (0.7)                        ; 0.0 (0.0)            ; 1214 (1214)         ; 260 (260)                 ; 0 (0)         ; 0                 ; 0     ; 0                        ; 0                                      ; 0                                                 ; 0    ; 0 (0)  ; dut|exposer4x32Impl_arChecker_checkers_9_calc                                             ; mkInternalCalc_2024Aes1RoundPerCycleFast         ; altera_work  ;
;       |exposer4x32Impl_arChecker_checkers_9_decodeInFIFO|          ; 133.7 (133.7)        ; 140.3 (140.3)                    ; 6.6 (6.6)                                         ; 0.0 (0.0)                        ; 0.0 (0.0)            ; 111 (111)           ; 212 (212)                 ; 0 (0)         ; 0                 ; 0     ; 0                        ; 0                                      ; 0                                                 ; 0    ; 0 (0)  ; dut|exposer4x32Impl_arChecker_checkers_9_decodeInFIFO                                     ; FIFO2                                            ; altera_work  ;
;       |exposer4x32Impl_arChecker_checkers_9_decodeOutFIFO|         ; 162.6 (162.6)        ; 190.1 (190.1)                    ; 27.6 (27.6)                                       ; 0.1 (0.1)                        ; 0.0 (0.0)            ; 146 (146)           ; 266 (266)                 ; 0 (0)         ; 0                 ; 0     ; 0                        ; 0                                      ; 0                                                 ; 0    ; 0 (0)  ; dut|exposer4x32Impl_arChecker_checkers_9_decodeOutFIFO                                    ; FIFO2                                            ; altera_work  ;
;       |exposer4x32Impl_arIn_authFlitFIFO|                          ; 427.4 (427.4)        ; 462.0 (462.0)                    ; 34.6 (34.6)                                       ; 0.0 (0.0)                        ; 0.0 (0.0)            ; 351 (351)           ; 692 (692)                 ; 0 (0)         ; 0                 ; 0     ; 0                        ; 0                                      ; 0                                                 ; 0    ; 0 (0)  ; dut|exposer4x32Impl_arIn_authFlitFIFO                                                     ; FIFO2                                            ; altera_work  ;
;       |exposer4x32Impl_arIn_inFlitsFIFO|                           ; 197.4 (197.4)        ; 223.7 (223.7)                    ; 26.5 (26.5)                                       ; 0.1 (0.1)                        ; 0.0 (0.0)            ; 167 (167)           ; 321 (321)                 ; 0 (0)         ; 0                 ; 0     ; 0                        ; 0                                      ; 0                                                 ; 0    ; 0 (0)  ; dut|exposer4x32Impl_arIn_inFlitsFIFO                                                      ; FIFO2                                            ; altera_work  ;
;       |exposer4x32Impl_arOut|                                      ; 62.6 (62.6)          ; 73.0 (73.0)                      ; 12.6 (12.6)                                       ; 2.2 (2.2)                        ; 0.0 (0.0)            ; 56 (56)             ; 100 (100)                 ; 0 (0)         ; 0                 ; 0     ; 0                        ; 0                                      ; 0                                                 ; 0    ; 0 (0)  ; dut|exposer4x32Impl_arOut                                                                 ; FIFO2                                            ; altera_work  ;
;       |exposer4x32Impl_awChecker_checkers_0_calc|                  ; 1092.0 (1092.0)      ; 1127.7 (1127.7)                  ; 39.4 (39.4)                                       ; 3.7 (3.7)                        ; 0.0 (0.0)            ; 1214 (1214)         ; 260 (260)                 ; 0 (0)         ; 0                 ; 0     ; 0                        ; 0                                      ; 0                                                 ; 0    ; 0 (0)  ; dut|exposer4x32Impl_awChecker_checkers_0_calc                                             ; mkInternalCalc_2024Aes1RoundPerCycleFast         ; altera_work  ;
;       |exposer4x32Impl_awChecker_checkers_0_decodeInFIFO|          ; 146.8 (146.8)        ; 183.4 (183.4)                    ; 37.0 (37.0)                                       ; 0.4 (0.4)                        ; 0.0 (0.0)            ; 113 (113)           ; 253 (253)                 ; 0 (0)         ; 0                 ; 0     ; 0                        ; 0                                      ; 0                                                 ; 0    ; 0 (0)  ; dut|exposer4x32Impl_awChecker_checkers_0_decodeInFIFO                                     ; FIFO2                                            ; altera_work  ;
;       |exposer4x32Impl_awChecker_checkers_0_decodeOutFIFO|         ; 165.4 (165.4)        ; 181.7 (181.7)                    ; 16.3 (16.3)                                       ; 0.0 (0.0)                        ; 0.0 (0.0)            ; 146 (146)           ; 266 (266)                 ; 0 (0)         ; 0                 ; 0     ; 0                        ; 0                                      ; 0                                                 ; 0    ; 0 (0)  ; dut|exposer4x32Impl_awChecker_checkers_0_decodeOutFIFO                                    ; FIFO2                                            ; altera_work  ;
;       |exposer4x32Impl_awChecker_checkers_10_calc|                 ; 1096.1 (1096.1)      ; 1135.7 (1135.7)                  ; 40.6 (40.6)                                       ; 1.0 (1.0)                        ; 0.0 (0.0)            ; 1214 (1214)         ; 261 (261)                 ; 0 (0)         ; 0                 ; 0     ; 0                        ; 0                                      ; 0                                                 ; 0    ; 0 (0)  ; dut|exposer4x32Impl_awChecker_checkers_10_calc                                            ; mkInternalCalc_2024Aes1RoundPerCycleFast         ; altera_work  ;
;       |exposer4x32Impl_awChecker_checkers_10_decodeInFIFO|         ; 174.3 (174.3)        ; 222.9 (222.9)                    ; 50.7 (50.7)                                       ; 2.1 (2.1)                        ; 0.0 (0.0)            ; 111 (111)           ; 299 (299)                 ; 0 (0)         ; 0                 ; 0     ; 0                        ; 0                                      ; 0                                                 ; 0    ; 0 (0)  ; dut|exposer4x32Impl_awChecker_checkers_10_decodeInFIFO                                    ; FIFO2                                            ; altera_work  ;
;       |exposer4x32Impl_awChecker_checkers_10_decodeOutFIFO|        ; 163.9 (163.9)        ; 182.0 (182.0)                    ; 18.1 (18.1)                                       ; 0.0 (0.0)                        ; 0.0 (0.0)            ; 146 (146)           ; 266 (266)                 ; 0 (0)         ; 0                 ; 0     ; 0                        ; 0                                      ; 0                                                 ; 0    ; 0 (0)  ; dut|exposer4x32Impl_awChecker_checkers_10_decodeOutFIFO                                   ; FIFO2                                            ; altera_work  ;
;       |exposer4x32Impl_awChecker_checkers_11_calc|                 ; 1095.9 (1095.9)      ; 1134.2 (1134.2)                  ; 40.2 (40.2)                                       ; 2.0 (2.0)                        ; 0.0 (0.0)            ; 1214 (1214)         ; 260 (260)                 ; 0 (0)         ; 0                 ; 0     ; 0                        ; 0                                      ; 0                                                 ; 0    ; 0 (0)  ; dut|exposer4x32Impl_awChecker_checkers_11_calc                                            ; mkInternalCalc_2024Aes1RoundPerCycleFast         ; altera_work  ;
;       |exposer4x32Impl_awChecker_checkers_11_decodeInFIFO|         ; 133.1 (133.1)        ; 139.1 (139.1)                    ; 6.0 (6.0)                                         ; 0.0 (0.0)                        ; 0.0 (0.0)            ; 111 (111)           ; 212 (212)                 ; 0 (0)         ; 0                 ; 0     ; 0                        ; 0                                      ; 0                                                 ; 0    ; 0 (0)  ; dut|exposer4x32Impl_awChecker_checkers_11_decodeInFIFO                                    ; FIFO2                                            ; altera_work  ;
;       |exposer4x32Impl_awChecker_checkers_11_decodeOutFIFO|        ; 163.7 (163.7)        ; 179.9 (179.9)                    ; 16.2 (16.2)                                       ; 0.0 (0.0)                        ; 0.0 (0.0)            ; 146 (146)           ; 266 (266)                 ; 0 (0)         ; 0                 ; 0     ; 0                        ; 0                                      ; 0                                                 ; 0    ; 0 (0)  ; dut|exposer4x32Impl_awChecker_checkers_11_decodeOutFIFO                                   ; FIFO2                                            ; altera_work  ;
;       |exposer4x32Impl_awChecker_checkers_1_calc|                  ; 1099.3 (1099.3)      ; 1134.1 (1134.1)                  ; 36.5 (36.5)                                       ; 1.7 (1.7)                        ; 0.0 (0.0)            ; 1214 (1214)         ; 261 (261)                 ; 0 (0)         ; 0                 ; 0     ; 0                        ; 0                                      ; 0                                                 ; 0    ; 0 (0)  ; dut|exposer4x32Impl_awChecker_checkers_1_calc                                             ; mkInternalCalc_2024Aes1RoundPerCycleFast         ; altera_work  ;
;       |exposer4x32Impl_awChecker_checkers_1_decodeInFIFO|          ; 158.8 (158.8)        ; 212.4 (212.4)                    ; 56.4 (56.4)                                       ; 2.8 (2.8)                        ; 0.0 (0.0)            ; 111 (111)           ; 288 (288)                 ; 0 (0)         ; 0                 ; 0     ; 0                        ; 0                                      ; 0                                                 ; 0    ; 0 (0)  ; dut|exposer4x32Impl_awChecker_checkers_1_decodeInFIFO                                     ; FIFO2                                            ; altera_work  ;
;       |exposer4x32Impl_awChecker_checkers_1_decodeOutFIFO|         ; 163.6 (163.6)        ; 188.5 (188.5)                    ; 24.9 (24.9)                                       ; 0.0 (0.0)                        ; 0.0 (0.0)            ; 146 (146)           ; 266 (266)                 ; 0 (0)         ; 0                 ; 0     ; 0                        ; 0                                      ; 0                                                 ; 0    ; 0 (0)  ; dut|exposer4x32Impl_awChecker_checkers_1_decodeOutFIFO                                    ; FIFO2                                            ; altera_work  ;
;       |exposer4x32Impl_awChecker_checkers_2_calc|                  ; 1092.6 (1092.6)      ; 1132.0 (1132.0)                  ; 41.1 (41.1)                                       ; 1.7 (1.7)                        ; 0.0 (0.0)            ; 1214 (1214)         ; 260 (260)                 ; 0 (0)         ; 0                 ; 0     ; 0                        ; 0                                      ; 0                                                 ; 0    ; 0 (0)  ; dut|exposer4x32Impl_awChecker_checkers_2_calc                                             ; mkInternalCalc_2024Aes1RoundPerCycleFast         ; altera_work  ;
;       |exposer4x32Impl_awChecker_checkers_2_decodeInFIFO|          ; 136.9 (136.9)        ; 152.1 (152.1)                    ; 15.4 (15.4)                                       ; 0.2 (0.2)                        ; 0.0 (0.0)            ; 111 (111)           ; 226 (226)                 ; 0 (0)         ; 0                 ; 0     ; 0                        ; 0                                      ; 0                                                 ; 0    ; 0 (0)  ; dut|exposer4x32Impl_awChecker_checkers_2_decodeInFIFO                                     ; FIFO2                                            ; altera_work  ;
;       |exposer4x32Impl_awChecker_checkers_2_decodeOutFIFO|         ; 162.8 (162.8)        ; 184.4 (184.4)                    ; 21.6 (21.6)                                       ; 0.0 (0.0)                        ; 0.0 (0.0)            ; 146 (146)           ; 266 (266)                 ; 0 (0)         ; 0                 ; 0     ; 0                        ; 0                                      ; 0                                                 ; 0    ; 0 (0)  ; dut|exposer4x32Impl_awChecker_checkers_2_decodeOutFIFO                                    ; FIFO2                                            ; altera_work  ;
;       |exposer4x32Impl_awChecker_checkers_3_calc|                  ; 1100.9 (1100.9)      ; 1133.1 (1133.1)                  ; 33.8 (33.8)                                       ; 1.6 (1.6)                        ; 0.0 (0.0)            ; 1214 (1214)         ; 261 (261)                 ; 0 (0)         ; 0                 ; 0     ; 0                        ; 0                                      ; 0                                                 ; 0    ; 0 (0)  ; dut|exposer4x32Impl_awChecker_checkers_3_calc                                             ; mkInternalCalc_2024Aes1RoundPerCycleFast         ; altera_work  ;
;       |exposer4x32Impl_awChecker_checkers_3_decodeInFIFO|          ; 131.7 (131.7)        ; 148.5 (148.5)                    ; 16.8 (16.8)                                       ; 0.0 (0.0)                        ; 0.0 (0.0)            ; 111 (111)           ; 212 (212)                 ; 0 (0)         ; 0                 ; 0     ; 0                        ; 0                                      ; 0                                                 ; 0    ; 0 (0)  ; dut|exposer4x32Impl_awChecker_checkers_3_decodeInFIFO                                     ; FIFO2                                            ; altera_work  ;
;       |exposer4x32Impl_awChecker_checkers_3_decodeOutFIFO|         ; 160.7 (160.7)        ; 188.3 (188.3)                    ; 27.7 (27.7)                                       ; 0.1 (0.1)                        ; 0.0 (0.0)            ; 146 (146)           ; 266 (266)                 ; 0 (0)         ; 0                 ; 0     ; 0                        ; 0                                      ; 0                                                 ; 0    ; 0 (0)  ; dut|exposer4x32Impl_awChecker_checkers_3_decodeOutFIFO                                    ; FIFO2                                            ; altera_work  ;
;       |exposer4x32Impl_awChecker_checkers_4_calc|                  ; 1093.3 (1093.3)      ; 1136.8 (1136.8)                  ; 44.1 (44.1)                                       ; 0.6 (0.6)                        ; 0.0 (0.0)            ; 1214 (1214)         ; 260 (260)                 ; 0 (0)         ; 0                 ; 0     ; 0                        ; 0                                      ; 0                                                 ; 0    ; 0 (0)  ; dut|exposer4x32Impl_awChecker_checkers_4_calc                                             ; mkInternalCalc_2024Aes1RoundPerCycleFast         ; altera_work  ;
;       |exposer4x32Impl_awChecker_checkers_4_decodeInFIFO|          ; 133.3 (133.3)        ; 139.2 (139.2)                    ; 5.9 (5.9)                                         ; 0.0 (0.0)                        ; 0.0 (0.0)            ; 111 (111)           ; 212 (212)                 ; 0 (0)         ; 0                 ; 0     ; 0                        ; 0                                      ; 0                                                 ; 0    ; 0 (0)  ; dut|exposer4x32Impl_awChecker_checkers_4_decodeInFIFO                                     ; FIFO2                                            ; altera_work  ;
;       |exposer4x32Impl_awChecker_checkers_4_decodeOutFIFO|         ; 162.8 (162.8)        ; 187.7 (187.7)                    ; 25.0 (25.0)                                       ; 0.2 (0.2)                        ; 0.0 (0.0)            ; 146 (146)           ; 266 (266)                 ; 0 (0)         ; 0                 ; 0     ; 0                        ; 0                                      ; 0                                                 ; 0    ; 0 (0)  ; dut|exposer4x32Impl_awChecker_checkers_4_decodeOutFIFO                                    ; FIFO2                                            ; altera_work  ;
;       |exposer4x32Impl_awChecker_checkers_5_calc|                  ; 1097.2 (1097.2)      ; 1129.8 (1129.8)                  ; 35.1 (35.1)                                       ; 2.5 (2.5)                        ; 0.0 (0.0)            ; 1214 (1214)         ; 260 (260)                 ; 0 (0)         ; 0                 ; 0     ; 0                        ; 0                                      ; 0                                                 ; 0    ; 0 (0)  ; dut|exposer4x32Impl_awChecker_checkers_5_calc                                             ; mkInternalCalc_2024Aes1RoundPerCycleFast         ; altera_work  ;
;       |exposer4x32Impl_awChecker_checkers_5_decodeInFIFO|          ; 134.7 (134.7)        ; 138.2 (138.2)                    ; 3.5 (3.5)                                         ; 0.0 (0.0)                        ; 0.0 (0.0)            ; 112 (112)           ; 212 (212)                 ; 0 (0)         ; 0                 ; 0     ; 0                        ; 0                                      ; 0                                                 ; 0    ; 0 (0)  ; dut|exposer4x32Impl_awChecker_checkers_5_decodeInFIFO                                     ; FIFO2                                            ; altera_work  ;
;       |exposer4x32Impl_awChecker_checkers_5_decodeOutFIFO|         ; 163.7 (163.7)        ; 184.4 (184.4)                    ; 20.7 (20.7)                                       ; 0.0 (0.0)                        ; 0.0 (0.0)            ; 146 (146)           ; 266 (266)                 ; 0 (0)         ; 0                 ; 0     ; 0                        ; 0                                      ; 0                                                 ; 0    ; 0 (0)  ; dut|exposer4x32Impl_awChecker_checkers_5_decodeOutFIFO                                    ; FIFO2                                            ; altera_work  ;
;       |exposer4x32Impl_awChecker_checkers_6_calc|                  ; 1098.6 (1098.6)      ; 1132.5 (1132.5)                  ; 35.0 (35.0)                                       ; 1.1 (1.1)                        ; 0.0 (0.0)            ; 1214 (1214)         ; 260 (260)                 ; 0 (0)         ; 0                 ; 0     ; 0                        ; 0                                      ; 0                                                 ; 0    ; 0 (0)  ; dut|exposer4x32Impl_awChecker_checkers_6_calc                                             ; mkInternalCalc_2024Aes1RoundPerCycleFast         ; altera_work  ;
;       |exposer4x32Impl_awChecker_checkers_6_decodeInFIFO|          ; 161.3 (161.3)        ; 212.6 (212.6)                    ; 52.0 (52.0)                                       ; 0.7 (0.7)                        ; 0.0 (0.0)            ; 113 (113)           ; 288 (288)                 ; 0 (0)         ; 0                 ; 0     ; 0                        ; 0                                      ; 0                                                 ; 0    ; 0 (0)  ; dut|exposer4x32Impl_awChecker_checkers_6_decodeInFIFO                                     ; FIFO2                                            ; altera_work  ;
;       |exposer4x32Impl_awChecker_checkers_6_decodeOutFIFO|         ; 166.7 (166.7)        ; 183.7 (183.7)                    ; 17.0 (17.0)                                       ; 0.0 (0.0)                        ; 0.0 (0.0)            ; 146 (146)           ; 266 (266)                 ; 0 (0)         ; 0                 ; 0     ; 0                        ; 0                                      ; 0                                                 ; 0    ; 0 (0)  ; dut|exposer4x32Impl_awChecker_checkers_6_decodeOutFIFO                                    ; FIFO2                                            ; altera_work  ;
;       |exposer4x32Impl_awChecker_checkers_7_calc|                  ; 1095.7 (1095.7)      ; 1130.0 (1130.0)                  ; 35.7 (35.7)                                       ; 1.4 (1.4)                        ; 0.0 (0.0)            ; 1214 (1214)         ; 267 (267)                 ; 0 (0)         ; 0                 ; 0     ; 0                        ; 0                                      ; 0                                                 ; 0    ; 0 (0)  ; dut|exposer4x32Impl_awChecker_checkers_7_calc                                             ; mkInternalCalc_2024Aes1RoundPerCycleFast         ; altera_work  ;
;       |exposer4x32Impl_awChecker_checkers_7_decodeInFIFO|          ; 188.4 (188.4)        ; 247.6 (247.6)                    ; 60.7 (60.7)                                       ; 1.6 (1.6)                        ; 0.0 (0.0)            ; 113 (113)           ; 375 (375)                 ; 0 (0)         ; 0                 ; 0     ; 0                        ; 0                                      ; 0                                                 ; 0    ; 0 (0)  ; dut|exposer4x32Impl_awChecker_checkers_7_decodeInFIFO                                     ; FIFO2                                            ; altera_work  ;
;       |exposer4x32Impl_awChecker_checkers_7_decodeOutFIFO|         ; 161.4 (161.4)        ; 182.1 (182.1)                    ; 20.7 (20.7)                                       ; 0.0 (0.0)                        ; 0.0 (0.0)            ; 146 (146)           ; 266 (266)                 ; 0 (0)         ; 0                 ; 0     ; 0                        ; 0                                      ; 0                                                 ; 0    ; 0 (0)  ; dut|exposer4x32Impl_awChecker_checkers_7_decodeOutFIFO                                    ; FIFO2                                            ; altera_work  ;
;       |exposer4x32Impl_awChecker_checkers_8_calc|                  ; 1088.5 (1088.5)      ; 1135.2 (1135.2)                  ; 47.7 (47.7)                                       ; 1.0 (1.0)                        ; 0.0 (0.0)            ; 1214 (1214)         ; 261 (261)                 ; 0 (0)         ; 0                 ; 0     ; 0                        ; 0                                      ; 0                                                 ; 0    ; 0 (0)  ; dut|exposer4x32Impl_awChecker_checkers_8_calc                                             ; mkInternalCalc_2024Aes1RoundPerCycleFast         ; altera_work  ;
;       |exposer4x32Impl_awChecker_checkers_8_decodeInFIFO|          ; 134.0 (134.0)        ; 143.8 (143.8)                    ; 10.0 (10.0)                                       ; 0.2 (0.2)                        ; 0.0 (0.0)            ; 111 (111)           ; 212 (212)                 ; 0 (0)         ; 0                 ; 0     ; 0                        ; 0                                      ; 0                                                 ; 0    ; 0 (0)  ; dut|exposer4x32Impl_awChecker_checkers_8_decodeInFIFO                                     ; FIFO2                                            ; altera_work  ;
;       |exposer4x32Impl_awChecker_checkers_8_decodeOutFIFO|         ; 163.7 (163.7)        ; 187.2 (187.2)                    ; 23.6 (23.6)                                       ; 0.1 (0.1)                        ; 0.0 (0.0)            ; 146 (146)           ; 266 (266)                 ; 0 (0)         ; 0                 ; 0     ; 0                        ; 0                                      ; 0                                                 ; 0    ; 0 (0)  ; dut|exposer4x32Impl_awChecker_checkers_8_decodeOutFIFO                                    ; FIFO2                                            ; altera_work  ;
;       |exposer4x32Impl_awChecker_checkers_9_calc|                  ; 1086.5 (1086.5)      ; 1133.8 (1133.8)                  ; 48.3 (48.3)                                       ; 1.0 (1.0)                        ; 0.0 (0.0)            ; 1214 (1214)         ; 260 (260)                 ; 0 (0)         ; 0                 ; 0     ; 0                        ; 0                                      ; 0                                                 ; 0    ; 0 (0)  ; dut|exposer4x32Impl_awChecker_checkers_9_calc                                             ; mkInternalCalc_2024Aes1RoundPerCycleFast         ; altera_work  ;
;       |exposer4x32Impl_awChecker_checkers_9_decodeInFIFO|          ; 135.2 (135.2)        ; 140.7 (140.7)                    ; 5.5 (5.5)                                         ; 0.0 (0.0)                        ; 0.0 (0.0)            ; 111 (111)           ; 212 (212)                 ; 0 (0)         ; 0                 ; 0     ; 0                        ; 0                                      ; 0                                                 ; 0    ; 0 (0)  ; dut|exposer4x32Impl_awChecker_checkers_9_decodeInFIFO                                     ; FIFO2                                            ; altera_work  ;
;       |exposer4x32Impl_awChecker_checkers_9_decodeOutFIFO|         ; 163.8 (163.8)        ; 191.2 (191.2)                    ; 27.4 (27.4)                                       ; 0.0 (0.0)                        ; 0.0 (0.0)            ; 146 (146)           ; 266 (266)                 ; 0 (0)         ; 0                 ; 0     ; 0                        ; 0                                      ; 0                                                 ; 0    ; 0 (0)  ; dut|exposer4x32Impl_awChecker_checkers_9_decodeOutFIFO                                    ; FIFO2                                            ; altera_work  ;
;       |exposer4x32Impl_awIn_authFlitFIFO|                          ; 426.6 (426.6)        ; 462.3 (462.3)                    ; 35.8 (35.8)                                       ; 0.0 (0.0)                        ; 0.0 (0.0)            ; 351 (351)           ; 692 (692)                 ; 0 (0)         ; 0                 ; 0     ; 0                        ; 0                                      ; 0                                                 ; 0    ; 0 (0)  ; dut|exposer4x32Impl_awIn_authFlitFIFO                                                     ; FIFO2                                            ; altera_work  ;
;       |exposer4x32Impl_awIn_inFlitsFIFO|                           ; 199.4 (199.4)        ; 223.5 (223.5)                    ; 24.3 (24.3)                                       ; 0.2 (0.2)                        ; 0.0 (0.0)            ; 167 (167)           ; 322 (322)                 ; 0 (0)         ; 0                 ; 0     ; 0                        ; 0                                      ; 0                                                 ; 0    ; 0 (0)  ; dut|exposer4x32Impl_awIn_inFlitsFIFO                                                      ; FIFO2                                            ; altera_work  ;
;       |exposer4x32Impl_awOut|                                      ; 88.9 (88.9)          ; 106.6 (106.6)                    ; 18.8 (18.8)                                       ; 1.1 (1.1)                        ; 0.0 (0.0)            ; 103 (103)           ; 148 (148)                 ; 0 (0)         ; 0                 ; 0     ; 0                        ; 0                                      ; 0                                                 ; 0    ; 0 (0)  ; dut|exposer4x32Impl_awOut                                                                 ; FIFO2                                            ; altera_work  ;
;       |exposer4x32Impl_bIn|                                        ; 7.5 (7.5)            ; 10.5 (10.5)                      ; 3.0 (3.0)                                         ; 0.0 (0.0)                        ; 0.0 (0.0)            ; 16 (16)             ; 12 (12)                   ; 0 (0)         ; 0                 ; 0     ; 0                        ; 0                                      ; 0                                                 ; 0    ; 0 (0)  ; dut|exposer4x32Impl_bIn                                                                   ; FIFO2                                            ; altera_work  ;
;       |exposer4x32Impl_bOut|                                       ; 8.4 (8.4)            ; 8.8 (8.8)                        ; 0.6 (0.6)                                         ; 0.1 (0.1)                        ; 0.0 (0.0)            ; 12 (12)             ; 8 (8)                     ; 0 (0)         ; 0                 ; 0     ; 0                        ; 0                                      ; 0                                                 ; 0    ; 0 (0)  ; dut|exposer4x32Impl_bOut                                                                  ; FIFO2                                            ; altera_work  ;
;       |exposer4x32Impl_rIn|                                        ; 29.5 (29.5)          ; 34.5 (34.5)                      ; 5.1 (5.1)                                         ; 0.1 (0.1)                        ; 0.0 (0.0)            ; 29 (29)             ; 46 (46)                   ; 0 (0)         ; 0                 ; 0     ; 0                        ; 0                                      ; 0                                                 ; 0    ; 0 (0)  ; dut|exposer4x32Impl_rIn                                                                   ; FIFO2                                            ; altera_work  ;
;       |exposer4x32Impl_rOut|                                       ; 26.5 (26.5)          ; 31.7 (31.7)                      ; 6.6 (6.6)                                         ; 1.4 (1.4)                        ; 0.0 (0.0)            ; 44 (44)             ; 40 (40)                   ; 0 (0)         ; 0                 ; 0     ; 0                        ; 0                                      ; 0                                                 ; 0    ; 0 (0)  ; dut|exposer4x32Impl_rOut                                                                  ; FIFO2                                            ; altera_work  ;
;       |exposer4x32Impl_rScoreboard_bram_memory|                    ; 0.0 (0.0)            ; 0.0 (0.0)                        ; 0.0 (0.0)                                         ; 0.0 (0.0)                        ; 0.0 (0.0)            ; 0 (0)               ; 0 (0)                     ; 0 (0)         ; 64                ; 1     ; 0                        ; 0                                      ; 0                                                 ; 0    ; 0 (0)  ; dut|exposer4x32Impl_rScoreboard_bram_memory                                               ; BRAM2                                            ; altera_work  ;
;          |RAM_rtl_0|                                               ; 0.0 (0.0)            ; 0.0 (0.0)                        ; 0.0 (0.0)                                         ; 0.0 (0.0)                        ; 0.0 (0.0)            ; 0 (0)               ; 0 (0)                     ; 0 (0)         ; 64                ; 1     ; 0                        ; 0                                      ; 0                                                 ; 0    ; 0 (0)  ; dut|exposer4x32Impl_rScoreboard_bram_memory|RAM_rtl_0                                     ; altera_syncram                                   ; work         ;
;             |auto_generated|                                       ; 0.0 (0.0)            ; 0.0 (0.0)                        ; 0.0 (0.0)                                         ; 0.0 (0.0)                        ; 0.0 (0.0)            ; 0 (0)               ; 0 (0)                     ; 0 (0)         ; 64                ; 1     ; 0                        ; 0                                      ; 0                                                 ; 0    ; 0 (0)  ; dut|exposer4x32Impl_rScoreboard_bram_memory|RAM_rtl_0|auto_generated                      ; altera_syncram_rd951                             ; altera_work  ;
;                |altera_syncram_impl1|                              ; 0.0 (0.0)            ; 0.0 (0.0)                        ; 0.0 (0.0)                                         ; 0.0 (0.0)                        ; 0.0 (0.0)            ; 0 (0)               ; 0 (0)                     ; 0 (0)         ; 64                ; 1     ; 0                        ; 0                                      ; 0                                                 ; 0    ; 0 (0)  ; dut|exposer4x32Impl_rScoreboard_bram_memory|RAM_rtl_0|auto_generated|altera_syncram_impl1 ; altera_syncram_impl_ulg32                        ; altera_work  ;
;       |exposer4x32Impl_rScoreboard_bram_serverAdapterB_outData_ff| ; 20.1 (20.1)          ; 22.8 (22.8)                      ; 2.7 (2.7)                                         ; 0.0 (0.0)                        ; 0.0 (0.0)            ; 25 (25)             ; 23 (23)                   ; 0 (0)         ; 0                 ; 0     ; 0                        ; 0                                      ; 0                                                 ; 0    ; 0 (0)  ; dut|exposer4x32Impl_rScoreboard_bram_serverAdapterB_outData_ff                            ; SizedFIFO                                        ; altera_work  ;
;       |exposer4x32Impl_rScoreboard_completedValidTxnMetaImpl|      ; 9.9 (9.9)            ; 10.5 (10.5)                      ; 1.3 (1.3)                                         ; 0.6 (0.6)                        ; 0.0 (0.0)            ; 14 (14)             ; 10 (10)                   ; 0 (0)         ; 0                 ; 0     ; 0                        ; 0                                      ; 0                                                 ; 0    ; 0 (0)  ; dut|exposer4x32Impl_rScoreboard_completedValidTxnMetaImpl                                 ; FIFO2                                            ; altera_work  ;
;       |exposer4x32Impl_rScoreboard_invalidTxnsToCompleteImpl|      ; 6.3 (6.3)            ; 6.8 (6.8)                        ; 0.5 (0.5)                                         ; 0.0 (0.0)                        ; 0.0 (0.0)            ; 10 (10)             ; 6 (6)                     ; 0 (0)         ; 0                 ; 0     ; 0                        ; 0                                      ; 0                                                 ; 0    ; 0 (0)  ; dut|exposer4x32Impl_rScoreboard_invalidTxnsToCompleteImpl                                 ; FIFO2                                            ; altera_work  ;
;       |exposer4x32Impl_wIn|                                        ; 44.3 (44.3)          ; 58.9 (58.9)                      ; 14.8 (14.8)                                       ; 0.2 (0.2)                        ; 0.0 (0.0)            ; 58 (58)             ; 66 (66)                   ; 0 (0)         ; 950               ; 1     ; 0                        ; 0                                      ; 0                                                 ; 0    ; 0 (0)  ; dut|exposer4x32Impl_wIn                                                                   ; SizedFIFO                                        ; altera_work  ;
;          |arr_rtl_0|                                               ; 0.0 (0.0)            ; 0.0 (0.0)                        ; 0.0 (0.0)                                         ; 0.0 (0.0)                        ; 0.0 (0.0)            ; 0 (0)               ; 0 (0)                     ; 0 (0)         ; 950               ; 1     ; 0                        ; 0                                      ; 0                                                 ; 0    ; 0 (0)  ; dut|exposer4x32Impl_wIn|arr_rtl_0                                                         ; altera_syncram                                   ; work         ;
;             |auto_generated|                                       ; 0.0 (0.0)            ; 0.0 (0.0)                        ; 0.0 (0.0)                                         ; 0.0 (0.0)                        ; 0.0 (0.0)            ; 0 (0)               ; 0 (0)                     ; 0 (0)         ; 950               ; 1     ; 0                        ; 0                                      ; 0                                                 ; 0    ; 0 (0)  ; dut|exposer4x32Impl_wIn|arr_rtl_0|auto_generated                                          ; altera_syncram_6698                              ; altera_work  ;
;                |altera_syncram_impl1|                              ; 0.0 (0.0)            ; 0.0 (0.0)                        ; 0.0 (0.0)                                         ; 0.0 (0.0)                        ; 0.0 (0.0)            ; 0 (0)               ; 0 (0)                     ; 0 (0)         ; 950               ; 1     ; 0                        ; 0                                      ; 0                                                 ; 0    ; 0 (0)  ; dut|exposer4x32Impl_wIn|arr_rtl_0|auto_generated|altera_syncram_impl1                     ; altera_syncram_impl_gd6o                         ; altera_work  ;
;       |exposer4x32Impl_wScoreboard_bram_memory|                    ; 0.0 (0.0)            ; 0.0 (0.0)                        ; 0.0 (0.0)                                         ; 0.0 (0.0)                        ; 0.0 (0.0)            ; 0 (0)               ; 0 (0)                     ; 0 (0)         ; 64                ; 1     ; 0                        ; 0                                      ; 0                                                 ; 0    ; 0 (0)  ; dut|exposer4x32Impl_wScoreboard_bram_memory                                               ; BRAM2                                            ; altera_work  ;
;          |RAM_rtl_0|                                               ; 0.0 (0.0)            ; 0.0 (0.0)                        ; 0.0 (0.0)                                         ; 0.0 (0.0)                        ; 0.0 (0.0)            ; 0 (0)               ; 0 (0)                     ; 0 (0)         ; 64                ; 1     ; 0                        ; 0                                      ; 0                                                 ; 0    ; 0 (0)  ; dut|exposer4x32Impl_wScoreboard_bram_memory|RAM_rtl_0                                     ; altera_syncram                                   ; work         ;
;             |auto_generated|                                       ; 0.0 (0.0)            ; 0.0 (0.0)                        ; 0.0 (0.0)                                         ; 0.0 (0.0)                        ; 0.0 (0.0)            ; 0 (0)               ; 0 (0)                     ; 0 (0)         ; 64                ; 1     ; 0                        ; 0                                      ; 0                                                 ; 0    ; 0 (0)  ; dut|exposer4x32Impl_wScoreboard_bram_memory|RAM_rtl_0|auto_generated                      ; altera_syncram_rd951                             ; altera_work  ;
;                |altera_syncram_impl1|                              ; 0.0 (0.0)            ; 0.0 (0.0)                        ; 0.0 (0.0)                                         ; 0.0 (0.0)                        ; 0.0 (0.0)            ; 0 (0)               ; 0 (0)                     ; 0 (0)         ; 64                ; 1     ; 0                        ; 0                                      ; 0                                                 ; 0    ; 0 (0)  ; dut|exposer4x32Impl_wScoreboard_bram_memory|RAM_rtl_0|auto_generated|altera_syncram_impl1 ; altera_syncram_impl_ulg32                        ; altera_work  ;
;       |exposer4x32Impl_wScoreboard_bram_serverAdapterB_outData_ff| ; 19.0 (19.0)          ; 24.0 (24.0)                      ; 5.0 (5.0)                                         ; 0.0 (0.0)                        ; 0.0 (0.0)            ; 25 (25)             ; 23 (23)                   ; 0 (0)         ; 0                 ; 0     ; 0                        ; 0                                      ; 0                                                 ; 0    ; 0 (0)  ; dut|exposer4x32Impl_wScoreboard_bram_serverAdapterB_outData_ff                            ; SizedFIFO                                        ; altera_work  ;
;       |exposer4x32Impl_wScoreboard_completedValidTxnMetaImpl|      ; 8.2 (8.2)            ; 11.0 (11.0)                      ; 2.9 (2.9)                                         ; 0.1 (0.1)                        ; 0.0 (0.0)            ; 14 (14)             ; 10 (10)                   ; 0 (0)         ; 0                 ; 0     ; 0                        ; 0                                      ; 0                                                 ; 0    ; 0 (0)  ; dut|exposer4x32Impl_wScoreboard_completedValidTxnMetaImpl                                 ; FIFO2                                            ; altera_work  ;
;       |exposer4x32Impl_wScoreboard_invalidTxnsToCompleteImpl|      ; 7.2 (7.2)            ; 7.5 (7.5)                        ; 0.3 (0.3)                                         ; 0.0 (0.0)                        ; 0.0 (0.0)            ; 10 (10)             ; 6 (6)                     ; 0 (0)         ; 0                 ; 0     ; 0                        ; 0                                      ; 0                                                 ; 0    ; 0 (0)  ; dut|exposer4x32Impl_wScoreboard_invalidTxnsToCompleteImpl                                 ; FIFO2                                            ; altera_work  ;
;       |keyStores_keyReqFF|                                         ; 8.5 (8.5)            ; 10.8 (10.8)                      ; 2.3 (2.3)                                         ; 0.0 (0.0)                        ; 0.0 (0.0)            ; 15 (15)             ; 10 (10)                   ; 0 (0)         ; 0                 ; 0     ; 0                        ; 0                                      ; 0                                                 ; 0    ; 0 (0)  ; dut|keyStores_keyReqFF                                                                    ; FIFO2                                            ; altera_work  ;
;       |keyStores_keyRespFF|                                        ; 36.7 (36.7)          ; 53.7 (53.7)                      ; 22.2 (22.2)                                       ; 5.2 (5.2)                        ; 0.0 (0.0)            ; 7 (7)               ; 140 (140)                 ; 0 (0)         ; 0                 ; 0     ; 0                        ; 0                                      ; 0                                                 ; 0    ; 0 (0)  ; dut|keyStores_keyRespFF                                                                   ; FIFO2                                            ; altera_work  ;
;       |keyStores_rValve_Decrement|                                 ; 6.4 (6.4)            ; 8.0 (8.0)                        ; 1.8 (1.8)                                         ; 0.2 (0.2)                        ; 0.0 (0.0)            ; 14 (14)             ; 10 (10)                   ; 0 (0)         ; 0                 ; 0     ; 0                        ; 0                                      ; 0                                                 ; 0    ; 0 (0)  ; dut|keyStores_rValve_Decrement                                                            ; FIFO2                                            ; altera_work  ;
;       |keyStores_rValve_Increment|                                 ; 7.8 (7.8)            ; 10.2 (10.2)                      ; 2.3 (2.3)                                         ; 0.0 (0.0)                        ; 0.0 (0.0)            ; 14 (14)             ; 10 (10)                   ; 0 (0)         ; 0                 ; 0     ; 0                        ; 0                                      ; 0                                                 ; 0    ; 0 (0)  ; dut|keyStores_rValve_Increment                                                            ; FIFO2                                            ; altera_work  ;
;       |keyStores_wValve_Decrement|                                 ; 7.2 (7.2)            ; 9.0 (9.0)                        ; 2.0 (2.0)                                         ; 0.2 (0.2)                        ; 0.0 (0.0)            ; 14 (14)             ; 10 (10)                   ; 0 (0)         ; 0                 ; 0     ; 0                        ; 0                                      ; 0                                                 ; 0    ; 0 (0)  ; dut|keyStores_wValve_Decrement                                                            ; FIFO2                                            ; altera_work  ;
;       |keyStores_wValve_Increment|                                 ; 7.3 (7.3)            ; 8.6 (8.6)                        ; 1.3 (1.3)                                         ; 0.0 (0.0)                        ; 0.0 (0.0)            ; 14 (14)             ; 10 (10)                   ; 0 (0)         ; 0                 ; 0     ; 0                        ; 0                                      ; 0                                                 ; 0    ; 0 (0)  ; dut|keyStores_wValve_Increment                                                            ; FIFO2                                            ; altera_work  ;
;    |i|                                                             ; 82.1 (82.1)          ; 159.1 (159.1)                    ; 80.8 (80.8)                                       ; 3.8 (3.8)                        ; 0.0 (0.0)            ; 0 (0)               ; 447 (447)                 ; 0 (0)         ; 0                 ; 0     ; 0                        ; 0                                      ; 0                                                 ; 0    ; 0 (0)  ; i                                                                                         ; input_harness                                    ; altera_work  ;
;    |o|                                                             ; 147.6 (147.6)        ; 274.8 (274.8)                    ; 137.3 (137.3)                                     ; 10.1 (10.1)                      ; 0.0 (0.0)            ; 357 (357)           ; 606 (606)                 ; 0 (0)         ; 0                 ; 0     ; 0                        ; 0                                      ; 0                                                 ; 0    ; 0 (0)  ; o                                                                                         ; output_harness                                   ; altera_work  ;
+--------------------------------------------------------------------+----------------------+----------------------------------+---------------------------------------------------+----------------------------------+----------------------+---------------------+---------------------------+---------------+-------------------+-------+--------------------------+----------------------------------------+---------------------------------------------------+------+--------+-------------------------------------------------------------------------------------------+--------------------------------------------------+--------------+
Note: For table entries with two numbers listed, the numbers in parentheses indicate the number of resources of the given type used by the specific entity alone. The numbers listed outside of parentheses indicate the total resources of the given type used by the specific entity and all of its sub-entities in the hierarchy.


+----------------------------------------------------------+
; Global & Other Fast Signals Summary                      ;
+----------+----------+---------+--------------------------+
; Name     ; Location ; Fan-Out ; Clock Region             ;
+----------+----------+---------+--------------------------+
; CLK_SLOW ; PIN_BF21 ; 3       ; Sectors (7, 3) to (7, 4) ;
+----------+----------+---------+--------------------------+


-------------------------------
; Global Signal Visualization ;
-------------------------------
This report is unavailable in plain text report export.


+--------------------------------------------------------------------------------------------------+
; Global & Other Fast Signals Details                                                              ;
+---------------------------------------------------+----------------------------------------------+
; Property                                          ; Value                                        ;
+---------------------------------------------------+----------------------------------------------+
; Name                                              ; CLK_SLOW                                     ;
;     -- Source Node                                ; CLK_SLOW~pad                                 ;
;     -- Source Type                                ; I/O pad                                      ;
;     -- Source Location                            ; PIN_BF21                                     ;
;     -- Fan-Out                                    ; 3                                            ;
;     -- Promotion Reason                           ; Automatically promoted                       ;
;     -- Clock Region                               ; Sectors (7, 3) to (7, 4)                     ;
;     -- Clock Partition Ownership for Preservation ; root_partition                               ;
;     -- Clock Region Size (in Sectors)             ; 1 x 2 (2 total)                              ;
;     -- Clock Region Bounding Box                  ; (233, 109) to (248, 180)                     ;
;     -- Clock Region Constraint                    ; SX7 SY3 SX7 SY4                              ;
;     -- Terminating Spine Index                    ; 10                                           ;
;     -- Path Length                                ; 1.5 clock sector wire(s) and 1 layer jump(s) ;
;         -- Length from Clock Source to Clock Tree ; 1.0 clock sector wire(s) and 1 layer jump(s) ;
;         -- Clock Tree Length                      ; 0.5 clock sector wire(s) and 0 layer jump(s) ;
+---------------------------------------------------+----------------------------------------------+
To visualize how these signals are routed, use the Chip Planner task "Report Clock Details".
To manually specify the size and placement of these signals, use the Assignment Editor to make Clock Region assignments.


+---------------------------------------------+
; Non-Global High Fan-Out Signals             ;
+----------------+---------+------------------+
; Name           ; Fan-Out ; Physical Fan-Out ;
+----------------+---------+------------------+
; CLK_FAST~input ; 55074   ; 6096             ;
; RST_N~input    ; 21850   ; 13059            ;
+----------------+---------+------------------+


+--------------------------------------------------------------------------------------------------------------------------------------------------------------------------------------------------------------------------------------------------------------------------------------------------------------------------------------------------------------------------------------------------------------------------------------------------------------------------------------------------------------------------------------------------------------------------------------------------------------------------------------------+
; Fitter RAM Summary                                                                                                                                                                                                                                                                                                                                                                                                                                                                                                                                                                                                                         ;
+----------------------------------------------------------------------------------------------------------+------+------------------+--------------+--------------+--------------+--------------+--------------+------------------------+-------------------------+------------------------+-------------------------+------+-----------------------------+-----------------------------+-----------------------------+-----------------------------+---------------------+-------------+-------+------+------------------+---------------------+-----------------+-----------------+----------+------------------------+-------------------+
; Name                                                                                                     ; Type ; Mode             ; Clock Mode   ; Port A Depth ; Port A Width ; Port B Depth ; Port B Width ; Port A Input Registers ; Port A Output Registers ; Port B Input Registers ; Port B Output Registers ; Size ; Implementation Port A Depth ; Implementation Port A Width ; Implementation Port B Depth ; Implementation Port B Width ; Implementation Bits ; M20K blocks ; MLABs ; MIF  ; Location         ; Mixed Port RDW Mode ; Port A RDW Mode ; Port B RDW Mode ; ECC Mode ; ECC Pipeline Registers ; Fits in MLABs     ;
+----------------------------------------------------------------------------------------------------------+------+------------------+--------------+--------------+--------------+--------------+--------------+------------------------+-------------------------+------------------------+-------------------------+------+-----------------------------+-----------------------------+-----------------------------+-----------------------------+---------------------+-------------+-------+------+------------------+---------------------+-----------------+-----------------+----------+------------------------+-------------------+
; dut|exposer4x32Impl_rScoreboard_bram_memory|RAM_rtl_0|auto_generated|altera_syncram_impl1|ALTERA_SYNCRAM ; AUTO ; Simple Dual Port ; Single Clock ; 16           ; 72           ; 16           ; 72           ; yes                    ; no                      ; yes                    ; yes                     ; 1152 ; 16                          ; 3                           ; 16                          ; 4                           ; 64                  ; 1           ; 0     ; None ; M20K_X228_Y81_N0 ; Don't care          ; New data        ; New data        ; Off      ; No                     ; No - Size Too Big ;
; dut|exposer4x32Impl_wIn|arr_rtl_0|auto_generated|altera_syncram_impl1|ALTERA_SYNCRAM                     ; AUTO ; Simple Dual Port ; Single Clock ; 50           ; 19           ; 50           ; 19           ; yes                    ; no                      ; yes                    ; no                      ; 950  ; 50                          ; 18                          ; 50                          ; 19                          ; 950                 ; 1           ; 0     ; None ; M20K_X234_Y90_N0 ; Old data            ; New data        ; New data        ; Off      ; No                     ; No - Size Too Big ;
; dut|exposer4x32Impl_wScoreboard_bram_memory|RAM_rtl_0|auto_generated|altera_syncram_impl1|ALTERA_SYNCRAM ; AUTO ; Simple Dual Port ; Single Clock ; 16           ; 72           ; 16           ; 72           ; yes                    ; no                      ; yes                    ; yes                     ; 1152 ; 16                          ; 3                           ; 16                          ; 4                           ; 64                  ; 1           ; 0     ; None ; M20K_X239_Y83_N0 ; Don't care          ; New data        ; New data        ; Off      ; No                     ; No - Size Too Big ;
+----------------------------------------------------------------------------------------------------------+------+------------------+--------------+--------------+--------------+--------------+--------------+------------------------+-------------------------+------------------------+-------------------------+------+-----------------------------+-----------------------------+-----------------------------+-----------------------------+---------------------+-------------+-------+------+------------------+---------------------+-----------------+-----------------+----------+------------------------+-------------------+
Note: Fitter may spread logical memories into multiple blocks to improve timing. The actual required RAM blocks can be found in the Fitter Resource Usage section.


+--------------------------------------------------------------------------------------------------------------------------------------------------------------------------------------------+
; Fitter Physical RAM Information                                                                                                                                                            ;
+-----------------------+-------------------------+-------------------------------+----------------------------------------------------------------------------------------------------------+
; Physical RAM Location ; Physical RAM Usage Bits ; Physical RAM Usage Percentage ; Logical RAM Name                                                                                         ;
+-----------------------+-------------------------+-------------------------------+----------------------------------------------------------------------------------------------------------+
; M20K_X228_Y81_N0      ; 64                      ; 0.3                           ; dut|exposer4x32Impl_rScoreboard_bram_memory|RAM_rtl_0|auto_generated|altera_syncram_impl1|ALTERA_SYNCRAM ;
; M20K_X239_Y83_N0      ; 64                      ; 0.3                           ; dut|exposer4x32Impl_wScoreboard_bram_memory|RAM_rtl_0|auto_generated|altera_syncram_impl1|ALTERA_SYNCRAM ;
; M20K_X234_Y90_N0      ; 950                     ; 4.6                           ; dut|exposer4x32Impl_wIn|arr_rtl_0|auto_generated|altera_syncram_impl1|ALTERA_SYNCRAM                     ;
+-----------------------+-------------------------+-------------------------------+----------------------------------------------------------------------------------------------------------+
Note: This table shows up to 500 physical rams that are least utilized. You can change this number by setting PHYSICAL_RAM_RPT_MAX_ROW in qsf file.


+----------------+
; Place Messages ;
+----------------+
Info (20030): Parallel compilation is enabled and will use 24 of the 24 processors detected
Info: *******************************************************************
Info: Running Quartus Prime Fitter
    Info: Version 23.2.0 Build 94 06/14/2023 SC Pro Edition
    Info: Processing started: Fri Oct 17 18:19:52 2025
    Info: System process ID: 2500314
Info: Command: quartus_fit --read_settings_files=on --write_settings_files=off SimpleIOCapExposerKeyMngrV2Tb_design -c SimpleIOCapExposerKeyMngrV2Tb_design
Info: qfit2_default_script.tcl version: #1
Info: Project  = SimpleIOCapExposerKeyMngrV2Tb_design
Info: Revision = SimpleIOCapExposerKeyMngrV2Tb_design
Info (11165): Fitter preparation operations ending: elapsed time is 00:02:35
Info (22300): Design uses Placement Effort Multiplier = 1.0.
Info (14951): The Fitter is using Advanced Physical Optimization.
Info (11888): Total time spent on timing analysis during Global Placement is 0.00 seconds.
Info (18252): The Fitter is using Physical Synthesis.
Info (18258): Fitter Physical Synthesis operations beginning
Info (18259): Fitter Physical Synthesis operations ending: elapsed time is 00:00:09
Info (11888): Total time spent on timing analysis during Physical Synthesis is 0.00 seconds.
Info (11178): Promoted 1 clock 
    Info (18386): CLK_SLOW (3 fanout) drives clock sectors (7, 3) to (7, 4)
Info (22300): Design uses Placement Effort Multiplier = 1.0.
Info (170189): Fitter placement preparation operations beginning
Info (170190): Fitter placement preparation operations ending: elapsed time is 00:00:39
Info (170191): Fitter placement operations beginning
Info (170137): Fitter placement was successful
Info (170192): Fitter placement operations ending: elapsed time is 00:01:08
Info (11888): Total time spent on timing analysis during Placement is 0.01 seconds.


