Fitter Place Stage Report for SimpleIOCapExposerKeyMngrV2Tb_design
Fri Oct 17 17:58:58 2025
Quartus Prime Version 23.2.0 Build 94 06/14/2023 SC Pro Edition


---------------------
; Table of Contents ;
---------------------
  1. Legal Notice
  2. Fitter Resource Usage Summary
  3. Fitter Resource Utilization by Entity
  4. Global & Other Fast Signals Summary
  5. Global Signal Visualization
  6. Global & Other Fast Signals Details
  7. Non-Global High Fan-Out Signals
  8. Fitter RAM Summary
  9. Fitter Physical RAM Information
 10. Place Messages



----------------
; Legal Notice ;
----------------
Copyright (C) 2023  Intel Corporation. All rights reserved.
Your use of Intel Corporation's design tools, logic functions 
and other software and tools, and any partner logic 
functions, and any output files from any of the foregoing 
(including device programming or simulation files), and any 
associated documentation or information are expressly subject 
to the terms and conditions of the Intel Program License 
Subscription Agreement, the Intel Quartus Prime License Agreement,
the Intel FPGA IP License Agreement, or other applicable license
agreement, including, without limitation, that your use is for
the sole purpose of programming logic devices manufactured by
Intel and sold by Intel or its authorized distributors.  Please
refer to the applicable agreement for further details, at
https://fpgasoftware.intel.com/eula.



+--------------------------------------------------------------------------------------------+
; Fitter Resource Usage Summary                                                              ;
+-------------------------------------------------------------+----------------------+-------+
; Resource                                                    ; Usage                ; %     ;
+-------------------------------------------------------------+----------------------+-------+
; Usage Report Generated after: Place                         ;                      ;       ;
;                                                             ;                      ;       ;
; Logic utilization (ALMs needed / total ALMs on device)      ; 52,137 / 933,120     ; 6 %   ;
; ALMs needed [=A-B+C]                                        ; 52,137               ;       ;
;     [A] ALMs used in final placement [=a+b+c+d]             ; 56,498 / 933,120     ; 6 %   ;
;         [a] ALMs used for LUT logic and register circuitry  ; 9,532                ;       ;
;         [b] ALMs used for LUT logic                         ; 42,109               ;       ;
;         [c] ALMs used for register circuitry                ; 4,857                ;       ;
;         [d] ALMs used for memory (up to half of total ALMs) ; 0                    ;       ;
;     [B] Estimate of ALMs recoverable by dense packing       ; 4,623 / 933,120      ; < 1 % ;
;     [C] Estimate of ALMs unavailable [=a+b+c+d]             ; 262 / 933,120        ; < 1 % ;
;         [a] Due to location constrained logic               ; 0                    ;       ;
;         [b] Due to LAB-wide signal conflicts                ; 0                    ;       ;
;         [c] Due to LAB input limits                         ; 262                  ;       ;
;         [d] Due to virtual I/Os                             ; 0                    ;       ;
;                                                             ;                      ;       ;
; Difficulty packing design                                   ; High                 ;       ;
;                                                             ;                      ;       ;
; Total LABs:  partially or completely used                   ; 6,426 / 93,312       ; 7 %   ;
;     -- Logic LABs                                           ; 6,426                ;       ;
;     -- Memory LABs (up to half of total LABs)               ; 0                    ;       ;
;                                                             ;                      ;       ;
; Combinational ALUT usage for logic                          ; 64,551               ;       ;
;     -- 8 input functions                                    ; 1,725                ;       ;
;     -- 7 input functions                                    ; 536                  ;       ;
;     -- 6 input functions                                    ; 31,977               ;       ;
;     -- 5 input functions                                    ; 7,439                ;       ;
;     -- 4 input functions                                    ; 9,261                ;       ;
;     -- <=3 input functions                                  ; 13,613               ;       ;
; Combinational ALUT usage for route-throughs                 ; 7,075                ;       ;
;                                                             ;                      ;       ;
; Dedicated logic registers                                   ; 30,355               ;       ;
;     -- By type:                                             ;                      ;       ;
;         -- LAB logic registers:                             ;                      ;       ;
;             -- Primary logic registers                      ; 28,777 / 1,866,240   ; 2 %   ;
;             -- Secondary logic registers                    ; 1,578 / 1,866,240    ; < 1 % ;
;         -- Hyper-Registers:                                 ; 0                    ;       ;
;                                                             ;                      ;       ;
; Register control circuitry for power estimation             ; 0                    ;       ;
;                                                             ;                      ;       ;
; ALMs adjustment for power estimation                        ; 3,905                ;       ;
;                                                             ;                      ;       ;
; I/O pins                                                    ; 5 / 1,152            ; < 1 % ;
;     -- Clock pins                                           ; 1 / 88               ; 1 %   ;
;     -- Dedicated input pins                                 ; 0 / 198              ; 0 %   ;
;                                                             ;                      ;       ;
; Hard processor system peripheral utilization                ;                      ;       ;
;     -- Clock resets                                         ; 0 / 1 ( 0 % )        ;       ;
;     -- Cross trigger                                        ; 0 / 1 ( 0 % )        ;       ;
;     -- S2F AXI                                              ; 0 / 1 ( 0 % )        ;       ;
;     -- F2S AXI                                              ; 0 / 1 ( 0 % )        ;       ;
;     -- AXI Lightweight                                      ; 0 / 1 ( 0 % )        ;       ;
;     -- SDRAM                                                ; 0 / 1 ( 0 % )        ;       ;
;     -- Interrupts                                           ; 0 / 1 ( 0 % )        ;       ;
;     -- JTAG                                                 ; 0 / 1 ( 0 % )        ;       ;
;     -- Loan I/O                                             ; 0 / 1 ( 0 % )        ;       ;
;     -- MPU event standby                                    ; 0 / 1 ( 0 % )        ;       ;
;     -- MPU general purpose                                  ; 0 / 1 ( 0 % )        ;       ;
;     -- STM event                                            ; 0 / 1 ( 0 % )        ;       ;
;     -- TPIU trace                                           ; 0 / 1 ( 0 % )        ;       ;
;     -- DMA                                                  ; 0 / 1 ( 0 % )        ;       ;
;     -- EMAC                                                 ; 0 / 3 ( 0 % )        ;       ;
;     -- I2C                                                  ; 0 / 5 ( 0 % )        ;       ;
;     -- NAND Flash                                           ; 0 / 1 ( 0 % )        ;       ;
;     -- SDMMC                                                ; 0 / 1 ( 0 % )        ;       ;
;     -- SPI Master                                           ; 0 / 2 ( 0 % )        ;       ;
;     -- SPI Slave                                            ; 0 / 2 ( 0 % )        ;       ;
;     -- UART                                                 ; 0 / 2 ( 0 % )        ;       ;
;                                                             ;                      ;       ;
; M20K blocks                                                 ; 3 / 11,721           ; < 1 % ;
; Total MLAB memory bits                                      ; 0                    ;       ;
; Total block memory bits                                     ; 1,078 / 240,046,080  ; < 1 % ;
; Total block memory implementation bits                      ; 61,440 / 240,046,080 ; < 1 % ;
;                                                             ;                      ;       ;
; DSP Blocks Needed [=A+B-C]                                  ; 0 / 5,760            ; 0 %   ;
;     [A] Total Fixed Point DSP Blocks                        ; 0                    ;       ;
;     [B] Total Floating Point DSP Blocks                     ; 0                    ;       ;
;     [C] Estimate of DSP Blocks recoverable by dense merging ; 0                    ;       ;
;                                                             ;                      ;       ;
; IOPLLs                                                      ; 0 / 24               ; 0 %   ;
; Global signals                                              ; 1                    ;       ;
; Impedance control blocks                                    ; 0 / 24               ; 0 %   ;
; Maximum fan-out                                             ; 346                  ;       ;
; Highest non-global fan-out                                  ; 346                  ;       ;
; Total fan-out                                               ; 314260               ;       ;
; Average fan-out                                             ; 3.50                 ;       ;
+-------------------------------------------------------------+----------------------+-------+
The Fitter Resource Usage Summary report displays a detailed analysis of logic utilization based on calculations of ALM usage. Refer to <a class="xref" href="https://www.intel.com/content/www/us/en/programmable/quartushelp/current/index.htm#mapIdTopics/mwh1465496451103.htm" target="_blank">Fitter Resource Usage Summary Report</a> in the <i>Intel® Quartus® Prime Pro Edition Help</i> for more information.


+----------------------------------------------------------------------------------------------------------------------------------------------------------------------------------------------------------------------------------------------------------------------------------------------------------------------------------------------------------------------------------------------------------------------------------------------------------------------------------------------------------------------------------------------------------------------------------------------------------------------------------------+
; Fitter Resource Utilization by Entity                                                                                                                                                                                                                                                                                                                                                                                                                                                                                                                                                                                                  ;
+--------------------------------------------------------------------+----------------------+----------------------------------+---------------------------------------------------+----------------------------------+----------------------+---------------------+---------------------------+---------------+-------------------+-------+--------------------------+----------------------------------------+---------------------------------------------------+------+--------+-------------------------------------------------------------------------------------------+------------------------------------------+--------------+
; Compilation Hierarchy Node                                         ; ALMs needed [=A-B+C] ; [A] ALMs used in final placement ; [B] Estimate of ALMs recoverable by dense packing ; [C] Estimate of ALMs unavailable ; ALMs used for memory ; Combinational ALUTs ; Dedicated Logic Registers ; I/O Registers ; Block Memory Bits ; M20Ks ; DSP Blocks needed [=A-B] ; [A] DSP Blocks used in final placement ; [B] Estimate of DSPs recoverable by dense merging ; Pins ; IOPLLs ; Full Hierarchy Name                                                                       ; Entity Name                              ; Library Name ;
+--------------------------------------------------------------------+----------------------+----------------------------------+---------------------------------------------------+----------------------------------+----------------------+---------------------+---------------------------+---------------+-------------------+-------+--------------------------+----------------------------------------+---------------------------------------------------+------+--------+-------------------------------------------------------------------------------------------+------------------------------------------+--------------+
; |                                                                  ; 52136.9 (0.0)        ; 56497.7 (0.0)                    ; 4622.2 (0.0)                                      ; 261.4 (0.0)                      ; 0.0 (0.0)            ; 64551 (0)           ; 30355 (0)                 ; 0 (0)         ; 1078              ; 3     ; 0                        ; 0                                      ; 0                                                 ; 10   ; 0 (0)  ; |                                                                                         ; SimpleIOCapExposerKeyMngrV2Tb_design     ; altera_work  ;
;    |dut|                                                           ; 51909.4 (18217.5)    ; 56047.6 (20870.2)                ; 4386.4 (2850.5)                                   ; 248.2 (197.8)                    ; 0.0 (0.0)            ; 64194 (27938)       ; 29302 (16989)             ; 0 (0)         ; 1078              ; 3     ; 0                        ; 0                                      ; 0                                                 ; 0    ; 0 (0)  ; dut                                                                                       ; mkSimpleIOCapExposerV6_blockinvalid_Tb   ; altera_work  ;
;       |exposer4x32Impl_arChecker_checkers_0_calc|                  ; 2371.1 (2371.1)      ; 2436.4 (2436.4)                  ; 66.2 (66.2)                                       ; 0.8 (0.8)                        ; 0.0 (0.0)            ; 2649 (2649)         ; 312 (312)                 ; 0 (0)         ; 0                 ; 0     ; 0                        ; 0                                      ; 0                                                 ; 0    ; 0 (0)  ; dut|exposer4x32Impl_arChecker_checkers_0_calc                                             ; mkInternalCalc_2024Aes2RoundPerCycleFast ; altera_work  ;
;       |exposer4x32Impl_arChecker_checkers_0_decodeInFIFO|          ; 133.7 (133.7)        ; 142.8 (142.8)                    ; 9.1 (9.1)                                         ; 0.0 (0.0)                        ; 0.0 (0.0)            ; 112 (112)           ; 212 (212)                 ; 0 (0)         ; 0                 ; 0     ; 0                        ; 0                                      ; 0                                                 ; 0    ; 0 (0)  ; dut|exposer4x32Impl_arChecker_checkers_0_decodeInFIFO                                     ; FIFO2                                    ; altera_work  ;
;       |exposer4x32Impl_arChecker_checkers_0_decodeOutFIFO|         ; 164.5 (164.5)        ; 193.8 (193.8)                    ; 29.4 (29.4)                                       ; 0.1 (0.1)                        ; 0.0 (0.0)            ; 146 (146)           ; 266 (266)                 ; 0 (0)         ; 0                 ; 0     ; 0                        ; 0                                      ; 0                                                 ; 0    ; 0 (0)  ; dut|exposer4x32Impl_arChecker_checkers_0_decodeOutFIFO                                    ; FIFO2                                    ; altera_work  ;
;       |exposer4x32Impl_arChecker_checkers_1_calc|                  ; 2357.2 (2357.2)      ; 2425.3 (2425.3)                  ; 69.0 (69.0)                                       ; 1.0 (1.0)                        ; 0.0 (0.0)            ; 2647 (2647)         ; 296 (296)                 ; 0 (0)         ; 0                 ; 0     ; 0                        ; 0                                      ; 0                                                 ; 0    ; 0 (0)  ; dut|exposer4x32Impl_arChecker_checkers_1_calc                                             ; mkInternalCalc_2024Aes2RoundPerCycleFast ; altera_work  ;
;       |exposer4x32Impl_arChecker_checkers_1_decodeInFIFO|          ; 133.0 (133.0)        ; 143.2 (143.2)                    ; 10.2 (10.2)                                       ; 0.0 (0.0)                        ; 0.0 (0.0)            ; 111 (111)           ; 212 (212)                 ; 0 (0)         ; 0                 ; 0     ; 0                        ; 0                                      ; 0                                                 ; 0    ; 0 (0)  ; dut|exposer4x32Impl_arChecker_checkers_1_decodeInFIFO                                     ; FIFO2                                    ; altera_work  ;
;       |exposer4x32Impl_arChecker_checkers_1_decodeOutFIFO|         ; 166.2 (166.2)        ; 183.3 (183.3)                    ; 17.2 (17.2)                                       ; 0.0 (0.0)                        ; 0.0 (0.0)            ; 146 (146)           ; 266 (266)                 ; 0 (0)         ; 0                 ; 0     ; 0                        ; 0                                      ; 0                                                 ; 0    ; 0 (0)  ; dut|exposer4x32Impl_arChecker_checkers_1_decodeOutFIFO                                    ; FIFO2                                    ; altera_work  ;
;       |exposer4x32Impl_arChecker_checkers_2_calc|                  ; 2352.4 (2352.4)      ; 2408.7 (2408.7)                  ; 58.8 (58.8)                                       ; 2.4 (2.4)                        ; 0.0 (0.0)            ; 2627 (2627)         ; 310 (310)                 ; 0 (0)         ; 0                 ; 0     ; 0                        ; 0                                      ; 0                                                 ; 0    ; 0 (0)  ; dut|exposer4x32Impl_arChecker_checkers_2_calc                                             ; mkInternalCalc_2024Aes2RoundPerCycleFast ; altera_work  ;
;       |exposer4x32Impl_arChecker_checkers_2_decodeInFIFO|          ; 133.2 (133.2)        ; 149.6 (149.6)                    ; 16.4 (16.4)                                       ; 0.0 (0.0)                        ; 0.0 (0.0)            ; 111 (111)           ; 212 (212)                 ; 0 (0)         ; 0                 ; 0     ; 0                        ; 0                                      ; 0                                                 ; 0    ; 0 (0)  ; dut|exposer4x32Impl_arChecker_checkers_2_decodeInFIFO                                     ; FIFO2                                    ; altera_work  ;
;       |exposer4x32Impl_arChecker_checkers_2_decodeOutFIFO|         ; 164.8 (164.8)        ; 188.8 (188.8)                    ; 24.1 (24.1)                                       ; 0.1 (0.1)                        ; 0.0 (0.0)            ; 146 (146)           ; 266 (266)                 ; 0 (0)         ; 0                 ; 0     ; 0                        ; 0                                      ; 0                                                 ; 0    ; 0 (0)  ; dut|exposer4x32Impl_arChecker_checkers_2_decodeOutFIFO                                    ; FIFO2                                    ; altera_work  ;
;       |exposer4x32Impl_arChecker_checkers_3_calc|                  ; 2372.7 (2372.7)      ; 2442.8 (2442.8)                  ; 71.9 (71.9)                                       ; 1.7 (1.7)                        ; 0.0 (0.0)            ; 2653 (2653)         ; 322 (322)                 ; 0 (0)         ; 0                 ; 0     ; 0                        ; 0                                      ; 0                                                 ; 0    ; 0 (0)  ; dut|exposer4x32Impl_arChecker_checkers_3_calc                                             ; mkInternalCalc_2024Aes2RoundPerCycleFast ; altera_work  ;
;       |exposer4x32Impl_arChecker_checkers_3_decodeInFIFO|          ; 132.7 (132.7)        ; 142.0 (142.0)                    ; 9.3 (9.3)                                         ; 0.0 (0.0)                        ; 0.0 (0.0)            ; 111 (111)           ; 212 (212)                 ; 0 (0)         ; 0                 ; 0     ; 0                        ; 0                                      ; 0                                                 ; 0    ; 0 (0)  ; dut|exposer4x32Impl_arChecker_checkers_3_decodeInFIFO                                     ; FIFO2                                    ; altera_work  ;
;       |exposer4x32Impl_arChecker_checkers_3_decodeOutFIFO|         ; 165.0 (165.0)        ; 191.8 (191.8)                    ; 27.0 (27.0)                                       ; 0.2 (0.2)                        ; 0.0 (0.0)            ; 146 (146)           ; 266 (266)                 ; 0 (0)         ; 0                 ; 0     ; 0                        ; 0                                      ; 0                                                 ; 0    ; 0 (0)  ; dut|exposer4x32Impl_arChecker_checkers_3_decodeOutFIFO                                    ; FIFO2                                    ; altera_work  ;
;       |exposer4x32Impl_arChecker_checkers_4_calc|                  ; 2363.8 (2363.8)      ; 2429.8 (2429.8)                  ; 68.7 (68.7)                                       ; 2.6 (2.6)                        ; 0.0 (0.0)            ; 2637 (2637)         ; 328 (328)                 ; 0 (0)         ; 0                 ; 0     ; 0                        ; 0                                      ; 0                                                 ; 0    ; 0 (0)  ; dut|exposer4x32Impl_arChecker_checkers_4_calc                                             ; mkInternalCalc_2024Aes2RoundPerCycleFast ; altera_work  ;
;       |exposer4x32Impl_arChecker_checkers_4_decodeInFIFO|          ; 135.0 (135.0)        ; 143.2 (143.2)                    ; 8.1 (8.1)                                         ; 0.0 (0.0)                        ; 0.0 (0.0)            ; 111 (111)           ; 212 (212)                 ; 0 (0)         ; 0                 ; 0     ; 0                        ; 0                                      ; 0                                                 ; 0    ; 0 (0)  ; dut|exposer4x32Impl_arChecker_checkers_4_decodeInFIFO                                     ; FIFO2                                    ; altera_work  ;
;       |exposer4x32Impl_arChecker_checkers_4_decodeOutFIFO|         ; 165.7 (165.7)        ; 188.6 (188.6)                    ; 22.9 (22.9)                                       ; 0.0 (0.0)                        ; 0.0 (0.0)            ; 146 (146)           ; 266 (266)                 ; 0 (0)         ; 0                 ; 0     ; 0                        ; 0                                      ; 0                                                 ; 0    ; 0 (0)  ; dut|exposer4x32Impl_arChecker_checkers_4_decodeOutFIFO                                    ; FIFO2                                    ; altera_work  ;
;       |exposer4x32Impl_arChecker_checkers_5_calc|                  ; 2357.4 (2357.4)      ; 2425.8 (2425.8)                  ; 70.2 (70.2)                                       ; 1.8 (1.8)                        ; 0.0 (0.0)            ; 2628 (2628)         ; 269 (269)                 ; 0 (0)         ; 0                 ; 0     ; 0                        ; 0                                      ; 0                                                 ; 0    ; 0 (0)  ; dut|exposer4x32Impl_arChecker_checkers_5_calc                                             ; mkInternalCalc_2024Aes2RoundPerCycleFast ; altera_work  ;
;       |exposer4x32Impl_arChecker_checkers_5_decodeInFIFO|          ; 134.4 (134.4)        ; 143.8 (143.8)                    ; 9.5 (9.5)                                         ; 0.0 (0.0)                        ; 0.0 (0.0)            ; 111 (111)           ; 212 (212)                 ; 0 (0)         ; 0                 ; 0     ; 0                        ; 0                                      ; 0                                                 ; 0    ; 0 (0)  ; dut|exposer4x32Impl_arChecker_checkers_5_decodeInFIFO                                     ; FIFO2                                    ; altera_work  ;
;       |exposer4x32Impl_arChecker_checkers_5_decodeOutFIFO|         ; 162.6 (162.6)        ; 190.2 (190.2)                    ; 27.6 (27.6)                                       ; 0.1 (0.1)                        ; 0.0 (0.0)            ; 146 (146)           ; 266 (266)                 ; 0 (0)         ; 0                 ; 0     ; 0                        ; 0                                      ; 0                                                 ; 0    ; 0 (0)  ; dut|exposer4x32Impl_arChecker_checkers_5_decodeOutFIFO                                    ; FIFO2                                    ; altera_work  ;
;       |exposer4x32Impl_arIn_authFlitFIFO|                          ; 456.0 (456.0)        ; 508.1 (508.1)                    ; 53.3 (53.3)                                       ; 1.2 (1.2)                        ; 0.0 (0.0)            ; 352 (352)           ; 757 (757)                 ; 0 (0)         ; 0                 ; 0     ; 0                        ; 0                                      ; 0                                                 ; 0    ; 0 (0)  ; dut|exposer4x32Impl_arIn_authFlitFIFO                                                     ; FIFO2                                    ; altera_work  ;
;       |exposer4x32Impl_arIn_inFlitsFIFO|                           ; 197.4 (197.4)        ; 223.6 (223.6)                    ; 26.2 (26.2)                                       ; 0.1 (0.1)                        ; 0.0 (0.0)            ; 166 (166)           ; 322 (322)                 ; 0 (0)         ; 0                 ; 0     ; 0                        ; 0                                      ; 0                                                 ; 0    ; 0 (0)  ; dut|exposer4x32Impl_arIn_inFlitsFIFO                                                      ; FIFO2                                    ; altera_work  ;
;       |exposer4x32Impl_arOut|                                      ; 63.8 (63.8)          ; 72.7 (72.7)                      ; 9.4 (9.4)                                         ; 0.6 (0.6)                        ; 0.0 (0.0)            ; 56 (56)             ; 100 (100)                 ; 0 (0)         ; 0                 ; 0     ; 0                        ; 0                                      ; 0                                                 ; 0    ; 0 (0)  ; dut|exposer4x32Impl_arOut                                                                 ; FIFO2                                    ; altera_work  ;
;       |exposer4x32Impl_awChecker_checkers_0_calc|                  ; 2369.5 (2369.5)      ; 2427.8 (2427.8)                  ; 62.6 (62.6)                                       ; 4.3 (4.3)                        ; 0.0 (0.0)            ; 2655 (2655)         ; 328 (328)                 ; 0 (0)         ; 0                 ; 0     ; 0                        ; 0                                      ; 0                                                 ; 0    ; 0 (0)  ; dut|exposer4x32Impl_awChecker_checkers_0_calc                                             ; mkInternalCalc_2024Aes2RoundPerCycleFast ; altera_work  ;
;       |exposer4x32Impl_awChecker_checkers_0_decodeInFIFO|          ; 137.1 (137.1)        ; 152.8 (152.8)                    ; 15.8 (15.8)                                       ; 0.1 (0.1)                        ; 0.0 (0.0)            ; 112 (112)           ; 222 (222)                 ; 0 (0)         ; 0                 ; 0     ; 0                        ; 0                                      ; 0                                                 ; 0    ; 0 (0)  ; dut|exposer4x32Impl_awChecker_checkers_0_decodeInFIFO                                     ; FIFO2                                    ; altera_work  ;
;       |exposer4x32Impl_awChecker_checkers_0_decodeOutFIFO|         ; 163.8 (163.8)        ; 187.2 (187.2)                    ; 23.5 (23.5)                                       ; 0.0 (0.0)                        ; 0.0 (0.0)            ; 146 (146)           ; 266 (266)                 ; 0 (0)         ; 0                 ; 0     ; 0                        ; 0                                      ; 0                                                 ; 0    ; 0 (0)  ; dut|exposer4x32Impl_awChecker_checkers_0_decodeOutFIFO                                    ; FIFO2                                    ; altera_work  ;
;       |exposer4x32Impl_awChecker_checkers_1_calc|                  ; 2365.8 (2365.8)      ; 2426.3 (2426.3)                  ; 66.6 (66.6)                                       ; 6.0 (6.0)                        ; 0.0 (0.0)            ; 2638 (2638)         ; 312 (312)                 ; 0 (0)         ; 0                 ; 0     ; 0                        ; 0                                      ; 0                                                 ; 0    ; 0 (0)  ; dut|exposer4x32Impl_awChecker_checkers_1_calc                                             ; mkInternalCalc_2024Aes2RoundPerCycleFast ; altera_work  ;
;       |exposer4x32Impl_awChecker_checkers_1_decodeInFIFO|          ; 158.2 (158.2)        ; 200.9 (200.9)                    ; 42.9 (42.9)                                       ; 0.3 (0.3)                        ; 0.0 (0.0)            ; 112 (112)           ; 272 (272)                 ; 0 (0)         ; 0                 ; 0     ; 0                        ; 0                                      ; 0                                                 ; 0    ; 0 (0)  ; dut|exposer4x32Impl_awChecker_checkers_1_decodeInFIFO                                     ; FIFO2                                    ; altera_work  ;
;       |exposer4x32Impl_awChecker_checkers_1_decodeOutFIFO|         ; 166.6 (166.6)        ; 188.8 (188.8)                    ; 22.4 (22.4)                                       ; 0.2 (0.2)                        ; 0.0 (0.0)            ; 146 (146)           ; 266 (266)                 ; 0 (0)         ; 0                 ; 0     ; 0                        ; 0                                      ; 0                                                 ; 0    ; 0 (0)  ; dut|exposer4x32Impl_awChecker_checkers_1_decodeOutFIFO                                    ; FIFO2                                    ; altera_work  ;
;       |exposer4x32Impl_awChecker_checkers_2_calc|                  ; 2356.2 (2356.2)      ; 2415.7 (2415.7)                  ; 64.7 (64.7)                                       ; 5.3 (5.3)                        ; 0.0 (0.0)            ; 2621 (2621)         ; 304 (304)                 ; 0 (0)         ; 0                 ; 0     ; 0                        ; 0                                      ; 0                                                 ; 0    ; 0 (0)  ; dut|exposer4x32Impl_awChecker_checkers_2_calc                                             ; mkInternalCalc_2024Aes2RoundPerCycleFast ; altera_work  ;
;       |exposer4x32Impl_awChecker_checkers_2_decodeInFIFO|          ; 133.1 (133.1)        ; 146.0 (146.0)                    ; 12.9 (12.9)                                       ; 0.0 (0.0)                        ; 0.0 (0.0)            ; 111 (111)           ; 212 (212)                 ; 0 (0)         ; 0                 ; 0     ; 0                        ; 0                                      ; 0                                                 ; 0    ; 0 (0)  ; dut|exposer4x32Impl_awChecker_checkers_2_decodeInFIFO                                     ; FIFO2                                    ; altera_work  ;
;       |exposer4x32Impl_awChecker_checkers_2_decodeOutFIFO|         ; 165.2 (165.2)        ; 191.2 (191.2)                    ; 25.9 (25.9)                                       ; 0.0 (0.0)                        ; 0.0 (0.0)            ; 146 (146)           ; 266 (266)                 ; 0 (0)         ; 0                 ; 0     ; 0                        ; 0                                      ; 0                                                 ; 0    ; 0 (0)  ; dut|exposer4x32Impl_awChecker_checkers_2_decodeOutFIFO                                    ; FIFO2                                    ; altera_work  ;
;       |exposer4x32Impl_awChecker_checkers_3_calc|                  ; 2363.3 (2363.3)      ; 2413.9 (2413.9)                  ; 54.5 (54.5)                                       ; 3.9 (3.9)                        ; 0.0 (0.0)            ; 2639 (2639)         ; 309 (309)                 ; 0 (0)         ; 0                 ; 0     ; 0                        ; 0                                      ; 0                                                 ; 0    ; 0 (0)  ; dut|exposer4x32Impl_awChecker_checkers_3_calc                                             ; mkInternalCalc_2024Aes2RoundPerCycleFast ; altera_work  ;
;       |exposer4x32Impl_awChecker_checkers_3_decodeInFIFO|          ; 169.5 (169.5)        ; 231.6 (231.6)                    ; 62.9 (62.9)                                       ; 0.8 (0.8)                        ; 0.0 (0.0)            ; 112 (112)           ; 335 (335)                 ; 0 (0)         ; 0                 ; 0     ; 0                        ; 0                                      ; 0                                                 ; 0    ; 0 (0)  ; dut|exposer4x32Impl_awChecker_checkers_3_decodeInFIFO                                     ; FIFO2                                    ; altera_work  ;
;       |exposer4x32Impl_awChecker_checkers_3_decodeOutFIFO|         ; 166.5 (166.5)        ; 187.8 (187.8)                    ; 21.4 (21.4)                                       ; 0.1 (0.1)                        ; 0.0 (0.0)            ; 146 (146)           ; 266 (266)                 ; 0 (0)         ; 0                 ; 0     ; 0                        ; 0                                      ; 0                                                 ; 0    ; 0 (0)  ; dut|exposer4x32Impl_awChecker_checkers_3_decodeOutFIFO                                    ; FIFO2                                    ; altera_work  ;
;       |exposer4x32Impl_awChecker_checkers_4_calc|                  ; 2365.8 (2365.8)      ; 2435.9 (2435.9)                  ; 74.6 (74.6)                                       ; 4.6 (4.6)                        ; 0.0 (0.0)            ; 2644 (2644)         ; 281 (281)                 ; 0 (0)         ; 0                 ; 0     ; 0                        ; 0                                      ; 0                                                 ; 0    ; 0 (0)  ; dut|exposer4x32Impl_awChecker_checkers_4_calc                                             ; mkInternalCalc_2024Aes2RoundPerCycleFast ; altera_work  ;
;       |exposer4x32Impl_awChecker_checkers_4_decodeInFIFO|          ; 134.3 (134.3)        ; 144.2 (144.2)                    ; 9.9 (9.9)                                         ; 0.0 (0.0)                        ; 0.0 (0.0)            ; 111 (111)           ; 212 (212)                 ; 0 (0)         ; 0                 ; 0     ; 0                        ; 0                                      ; 0                                                 ; 0    ; 0 (0)  ; dut|exposer4x32Impl_awChecker_checkers_4_decodeInFIFO                                     ; FIFO2                                    ; altera_work  ;
;       |exposer4x32Impl_awChecker_checkers_4_decodeOutFIFO|         ; 167.2 (167.2)        ; 187.6 (187.6)                    ; 20.8 (20.8)                                       ; 0.3 (0.3)                        ; 0.0 (0.0)            ; 146 (146)           ; 266 (266)                 ; 0 (0)         ; 0                 ; 0     ; 0                        ; 0                                      ; 0                                                 ; 0    ; 0 (0)  ; dut|exposer4x32Impl_awChecker_checkers_4_decodeOutFIFO                                    ; FIFO2                                    ; altera_work  ;
;       |exposer4x32Impl_awChecker_checkers_5_calc|                  ; 2364.1 (2364.1)      ; 2432.3 (2432.3)                  ; 73.3 (73.3)                                       ; 5.0 (5.0)                        ; 0.0 (0.0)            ; 2646 (2646)         ; 282 (282)                 ; 0 (0)         ; 0                 ; 0     ; 0                        ; 0                                      ; 0                                                 ; 0    ; 0 (0)  ; dut|exposer4x32Impl_awChecker_checkers_5_calc                                             ; mkInternalCalc_2024Aes2RoundPerCycleFast ; altera_work  ;
;       |exposer4x32Impl_awChecker_checkers_5_decodeInFIFO|          ; 133.3 (133.3)        ; 142.4 (142.4)                    ; 9.2 (9.2)                                         ; 0.0 (0.0)                        ; 0.0 (0.0)            ; 111 (111)           ; 212 (212)                 ; 0 (0)         ; 0                 ; 0     ; 0                        ; 0                                      ; 0                                                 ; 0    ; 0 (0)  ; dut|exposer4x32Impl_awChecker_checkers_5_decodeInFIFO                                     ; FIFO2                                    ; altera_work  ;
;       |exposer4x32Impl_awChecker_checkers_5_decodeOutFIFO|         ; 164.8 (164.8)        ; 187.8 (187.8)                    ; 23.2 (23.2)                                       ; 0.2 (0.2)                        ; 0.0 (0.0)            ; 146 (146)           ; 266 (266)                 ; 0 (0)         ; 0                 ; 0     ; 0                        ; 0                                      ; 0                                                 ; 0    ; 0 (0)  ; dut|exposer4x32Impl_awChecker_checkers_5_decodeOutFIFO                                    ; FIFO2                                    ; altera_work  ;
;       |exposer4x32Impl_awIn_authFlitFIFO|                          ; 432.1 (432.1)        ; 472.2 (472.2)                    ; 40.6 (40.6)                                       ; 0.5 (0.5)                        ; 0.0 (0.0)            ; 352 (352)           ; 692 (692)                 ; 0 (0)         ; 0                 ; 0     ; 0                        ; 0                                      ; 0                                                 ; 0    ; 0 (0)  ; dut|exposer4x32Impl_awIn_authFlitFIFO                                                     ; FIFO2                                    ; altera_work  ;
;       |exposer4x32Impl_awIn_inFlitsFIFO|                           ; 200.7 (200.7)        ; 224.4 (224.4)                    ; 23.7 (23.7)                                       ; 0.0 (0.0)                        ; 0.0 (0.0)            ; 166 (166)           ; 324 (324)                 ; 0 (0)         ; 0                 ; 0     ; 0                        ; 0                                      ; 0                                                 ; 0    ; 0 (0)  ; dut|exposer4x32Impl_awIn_inFlitsFIFO                                                      ; FIFO2                                    ; altera_work  ;
;       |exposer4x32Impl_awOut|                                      ; 62.5 (62.5)          ; 71.7 (71.7)                      ; 10.0 (10.0)                                       ; 0.8 (0.8)                        ; 0.0 (0.0)            ; 55 (55)             ; 98 (98)                   ; 0 (0)         ; 0                 ; 0     ; 0                        ; 0                                      ; 0                                                 ; 0    ; 0 (0)  ; dut|exposer4x32Impl_awOut                                                                 ; FIFO2                                    ; altera_work  ;
;       |exposer4x32Impl_bIn|                                        ; 8.6 (8.6)            ; 10.8 (10.8)                      ; 2.2 (2.2)                                         ; 0.0 (0.0)                        ; 0.0 (0.0)            ; 16 (16)             ; 12 (12)                   ; 0 (0)         ; 0                 ; 0     ; 0                        ; 0                                      ; 0                                                 ; 0    ; 0 (0)  ; dut|exposer4x32Impl_bIn                                                                   ; FIFO2                                    ; altera_work  ;
;       |exposer4x32Impl_bOut|                                       ; 6.4 (6.4)            ; 8.5 (8.5)                        ; 2.1 (2.1)                                         ; 0.0 (0.0)                        ; 0.0 (0.0)            ; 12 (12)             ; 8 (8)                     ; 0 (0)         ; 0                 ; 0     ; 0                        ; 0                                      ; 0                                                 ; 0    ; 0 (0)  ; dut|exposer4x32Impl_bOut                                                                  ; FIFO2                                    ; altera_work  ;
;       |exposer4x32Impl_rIn|                                        ; 30.6 (30.6)          ; 34.8 (34.8)                      ; 4.2 (4.2)                                         ; 0.0 (0.0)                        ; 0.0 (0.0)            ; 29 (29)             ; 46 (46)                   ; 0 (0)         ; 0                 ; 0     ; 0                        ; 0                                      ; 0                                                 ; 0    ; 0 (0)  ; dut|exposer4x32Impl_rIn                                                                   ; FIFO2                                    ; altera_work  ;
;       |exposer4x32Impl_rOut|                                       ; 27.5 (27.5)          ; 30.3 (30.3)                      ; 3.6 (3.6)                                         ; 0.8 (0.8)                        ; 0.0 (0.0)            ; 44 (44)             ; 40 (40)                   ; 0 (0)         ; 0                 ; 0     ; 0                        ; 0                                      ; 0                                                 ; 0    ; 0 (0)  ; dut|exposer4x32Impl_rOut                                                                  ; FIFO2                                    ; altera_work  ;
;       |exposer4x32Impl_rScoreboard_bram_memory|                    ; 0.0 (0.0)            ; 0.0 (0.0)                        ; 0.0 (0.0)                                         ; 0.0 (0.0)                        ; 0.0 (0.0)            ; 0 (0)               ; 0 (0)                     ; 0 (0)         ; 64                ; 1     ; 0                        ; 0                                      ; 0                                                 ; 0    ; 0 (0)  ; dut|exposer4x32Impl_rScoreboard_bram_memory                                               ; BRAM2                                    ; altera_work  ;
;          |RAM_rtl_0|                                               ; 0.0 (0.0)            ; 0.0 (0.0)                        ; 0.0 (0.0)                                         ; 0.0 (0.0)                        ; 0.0 (0.0)            ; 0 (0)               ; 0 (0)                     ; 0 (0)         ; 64                ; 1     ; 0                        ; 0                                      ; 0                                                 ; 0    ; 0 (0)  ; dut|exposer4x32Impl_rScoreboard_bram_memory|RAM_rtl_0                                     ; altera_syncram                           ; work         ;
;             |auto_generated|                                       ; 0.0 (0.0)            ; 0.0 (0.0)                        ; 0.0 (0.0)                                         ; 0.0 (0.0)                        ; 0.0 (0.0)            ; 0 (0)               ; 0 (0)                     ; 0 (0)         ; 64                ; 1     ; 0                        ; 0                                      ; 0                                                 ; 0    ; 0 (0)  ; dut|exposer4x32Impl_rScoreboard_bram_memory|RAM_rtl_0|auto_generated                      ; altera_syncram_rd951                     ; altera_work  ;
;                |altera_syncram_impl1|                              ; 0.0 (0.0)            ; 0.0 (0.0)                        ; 0.0 (0.0)                                         ; 0.0 (0.0)                        ; 0.0 (0.0)            ; 0 (0)               ; 0 (0)                     ; 0 (0)         ; 64                ; 1     ; 0                        ; 0                                      ; 0                                                 ; 0    ; 0 (0)  ; dut|exposer4x32Impl_rScoreboard_bram_memory|RAM_rtl_0|auto_generated|altera_syncram_impl1 ; altera_syncram_impl_ulg32                ; altera_work  ;
;       |exposer4x32Impl_rScoreboard_bram_serverAdapterB_outData_ff| ; 21.2 (21.2)          ; 25.2 (25.2)                      ; 4.0 (4.0)                                         ; 0.1 (0.1)                        ; 0.0 (0.0)            ; 27 (27)             ; 23 (23)                   ; 0 (0)         ; 0                 ; 0     ; 0                        ; 0                                      ; 0                                                 ; 0    ; 0 (0)  ; dut|exposer4x32Impl_rScoreboard_bram_serverAdapterB_outData_ff                            ; SizedFIFO                                ; altera_work  ;
;       |exposer4x32Impl_rScoreboard_completedValidTxnMetaImpl|      ; 8.5 (8.5)            ; 10.7 (10.7)                      ; 2.2 (2.2)                                         ; 0.1 (0.1)                        ; 0.0 (0.0)            ; 15 (15)             ; 10 (10)                   ; 0 (0)         ; 0                 ; 0     ; 0                        ; 0                                      ; 0                                                 ; 0    ; 0 (0)  ; dut|exposer4x32Impl_rScoreboard_completedValidTxnMetaImpl                                 ; FIFO2                                    ; altera_work  ;
;       |exposer4x32Impl_rScoreboard_invalidTxnsToCompleteImpl|      ; 5.6 (5.6)            ; 7.5 (7.5)                        ; 1.9 (1.9)                                         ; 0.0 (0.0)                        ; 0.0 (0.0)            ; 10 (10)             ; 6 (6)                     ; 0 (0)         ; 0                 ; 0     ; 0                        ; 0                                      ; 0                                                 ; 0    ; 0 (0)  ; dut|exposer4x32Impl_rScoreboard_invalidTxnsToCompleteImpl                                 ; FIFO2                                    ; altera_work  ;
;       |exposer4x32Impl_wIn|                                        ; 47.0 (47.0)          ; 61.3 (61.3)                      ; 14.7 (14.7)                                       ; 0.3 (0.3)                        ; 0.0 (0.0)            ; 58 (58)             ; 66 (66)                   ; 0 (0)         ; 950               ; 1     ; 0                        ; 0                                      ; 0                                                 ; 0    ; 0 (0)  ; dut|exposer4x32Impl_wIn                                                                   ; SizedFIFO                                ; altera_work  ;
;          |arr_rtl_0|                                               ; 0.0 (0.0)            ; 0.0 (0.0)                        ; 0.0 (0.0)                                         ; 0.0 (0.0)                        ; 0.0 (0.0)            ; 0 (0)               ; 0 (0)                     ; 0 (0)         ; 950               ; 1     ; 0                        ; 0                                      ; 0                                                 ; 0    ; 0 (0)  ; dut|exposer4x32Impl_wIn|arr_rtl_0                                                         ; altera_syncram                           ; work         ;
;             |auto_generated|                                       ; 0.0 (0.0)            ; 0.0 (0.0)                        ; 0.0 (0.0)                                         ; 0.0 (0.0)                        ; 0.0 (0.0)            ; 0 (0)               ; 0 (0)                     ; 0 (0)         ; 950               ; 1     ; 0                        ; 0                                      ; 0                                                 ; 0    ; 0 (0)  ; dut|exposer4x32Impl_wIn|arr_rtl_0|auto_generated                                          ; altera_syncram_6698                      ; altera_work  ;
;                |altera_syncram_impl1|                              ; 0.0 (0.0)            ; 0.0 (0.0)                        ; 0.0 (0.0)                                         ; 0.0 (0.0)                        ; 0.0 (0.0)            ; 0 (0)               ; 0 (0)                     ; 0 (0)         ; 950               ; 1     ; 0                        ; 0                                      ; 0                                                 ; 0    ; 0 (0)  ; dut|exposer4x32Impl_wIn|arr_rtl_0|auto_generated|altera_syncram_impl1                     ; altera_syncram_impl_gd6o                 ; altera_work  ;
;       |exposer4x32Impl_wScoreboard_bram_memory|                    ; 0.0 (0.0)            ; 0.0 (0.0)                        ; 0.0 (0.0)                                         ; 0.0 (0.0)                        ; 0.0 (0.0)            ; 0 (0)               ; 0 (0)                     ; 0 (0)         ; 64                ; 1     ; 0                        ; 0                                      ; 0                                                 ; 0    ; 0 (0)  ; dut|exposer4x32Impl_wScoreboard_bram_memory                                               ; BRAM2                                    ; altera_work  ;
;          |RAM_rtl_0|                                               ; 0.0 (0.0)            ; 0.0 (0.0)                        ; 0.0 (0.0)                                         ; 0.0 (0.0)                        ; 0.0 (0.0)            ; 0 (0)               ; 0 (0)                     ; 0 (0)         ; 64                ; 1     ; 0                        ; 0                                      ; 0                                                 ; 0    ; 0 (0)  ; dut|exposer4x32Impl_wScoreboard_bram_memory|RAM_rtl_0                                     ; altera_syncram                           ; work         ;
;             |auto_generated|                                       ; 0.0 (0.0)            ; 0.0 (0.0)                        ; 0.0 (0.0)                                         ; 0.0 (0.0)                        ; 0.0 (0.0)            ; 0 (0)               ; 0 (0)                     ; 0 (0)         ; 64                ; 1     ; 0                        ; 0                                      ; 0                                                 ; 0    ; 0 (0)  ; dut|exposer4x32Impl_wScoreboard_bram_memory|RAM_rtl_0|auto_generated                      ; altera_syncram_rd951                     ; altera_work  ;
;                |altera_syncram_impl1|                              ; 0.0 (0.0)            ; 0.0 (0.0)                        ; 0.0 (0.0)                                         ; 0.0 (0.0)                        ; 0.0 (0.0)            ; 0 (0)               ; 0 (0)                     ; 0 (0)         ; 64                ; 1     ; 0                        ; 0                                      ; 0                                                 ; 0    ; 0 (0)  ; dut|exposer4x32Impl_wScoreboard_bram_memory|RAM_rtl_0|auto_generated|altera_syncram_impl1 ; altera_syncram_impl_ulg32                ; altera_work  ;
;       |exposer4x32Impl_wScoreboard_bram_serverAdapterB_outData_ff| ; 19.1 (19.1)          ; 22.4 (22.4)                      ; 3.5 (3.5)                                         ; 0.1 (0.1)                        ; 0.0 (0.0)            ; 25 (25)             ; 23 (23)                   ; 0 (0)         ; 0                 ; 0     ; 0                        ; 0                                      ; 0                                                 ; 0    ; 0 (0)  ; dut|exposer4x32Impl_wScoreboard_bram_serverAdapterB_outData_ff                            ; SizedFIFO                                ; altera_work  ;
;       |exposer4x32Impl_wScoreboard_completedValidTxnMetaImpl|      ; 8.5 (8.5)            ; 8.8 (8.8)                        ; 0.4 (0.4)                                         ; 0.0 (0.0)                        ; 0.0 (0.0)            ; 14 (14)             ; 10 (10)                   ; 0 (0)         ; 0                 ; 0     ; 0                        ; 0                                      ; 0                                                 ; 0    ; 0 (0)  ; dut|exposer4x32Impl_wScoreboard_completedValidTxnMetaImpl                                 ; FIFO2                                    ; altera_work  ;
;       |exposer4x32Impl_wScoreboard_invalidTxnsToCompleteImpl|      ; 8.0 (8.0)            ; 9.5 (9.5)                        ; 1.5 (1.5)                                         ; 0.0 (0.0)                        ; 0.0 (0.0)            ; 10 (10)             ; 6 (6)                     ; 0 (0)         ; 0                 ; 0     ; 0                        ; 0                                      ; 0                                                 ; 0    ; 0 (0)  ; dut|exposer4x32Impl_wScoreboard_invalidTxnsToCompleteImpl                                 ; FIFO2                                    ; altera_work  ;
;       |keyStores_keyReqFF|                                         ; 8.5 (8.5)            ; 9.7 (9.7)                        ; 1.2 (1.2)                                         ; 0.0 (0.0)                        ; 0.0 (0.0)            ; 14 (14)             ; 10 (10)                   ; 0 (0)         ; 0                 ; 0     ; 0                        ; 0                                      ; 0                                                 ; 0    ; 0 (0)  ; dut|keyStores_keyReqFF                                                                    ; FIFO2                                    ; altera_work  ;
;       |keyStores_keyRespFF|                                        ; 40.3 (40.3)          ; 57.4 (57.4)                      ; 21.0 (21.0)                                       ; 3.8 (3.8)                        ; 0.0 (0.0)            ; 7 (7)               ; 138 (138)                 ; 0 (0)         ; 0                 ; 0     ; 0                        ; 0                                      ; 0                                                 ; 0    ; 0 (0)  ; dut|keyStores_keyRespFF                                                                   ; FIFO2                                    ; altera_work  ;
;       |keyStores_rValve_Decrement|                                 ; 7.7 (7.7)            ; 8.8 (8.8)                        ; 1.1 (1.1)                                         ; 0.1 (0.1)                        ; 0.0 (0.0)            ; 14 (14)             ; 10 (10)                   ; 0 (0)         ; 0                 ; 0     ; 0                        ; 0                                      ; 0                                                 ; 0    ; 0 (0)  ; dut|keyStores_rValve_Decrement                                                            ; FIFO2                                    ; altera_work  ;
;       |keyStores_rValve_Increment|                                 ; 7.8 (7.8)            ; 10.8 (10.8)                      ; 3.0 (3.0)                                         ; 0.0 (0.0)                        ; 0.0 (0.0)            ; 14 (14)             ; 10 (10)                   ; 0 (0)         ; 0                 ; 0     ; 0                        ; 0                                      ; 0                                                 ; 0    ; 0 (0)  ; dut|keyStores_rValve_Increment                                                            ; FIFO2                                    ; altera_work  ;
;       |keyStores_wValve_Decrement|                                 ; 6.8 (6.8)            ; 8.8 (8.8)                        ; 2.2 (2.2)                                         ; 0.1 (0.1)                        ; 0.0 (0.0)            ; 14 (14)             ; 10 (10)                   ; 0 (0)         ; 0                 ; 0     ; 0                        ; 0                                      ; 0                                                 ; 0    ; 0 (0)  ; dut|keyStores_wValve_Decrement                                                            ; FIFO2                                    ; altera_work  ;
;       |keyStores_wValve_Increment|                                 ; 7.7 (7.7)            ; 9.0 (9.0)                        ; 1.3 (1.3)                                         ; 0.0 (0.0)                        ; 0.0 (0.0)            ; 14 (14)             ; 10 (10)                   ; 0 (0)         ; 0                 ; 0     ; 0                        ; 0                                      ; 0                                                 ; 0    ; 0 (0)  ; dut|keyStores_wValve_Increment                                                            ; FIFO2                                    ; altera_work  ;
;    |i|                                                             ; 84.5 (84.5)          ; 166.7 (166.7)                    ; 85.6 (85.6)                                       ; 3.5 (3.5)                        ; 0.0 (0.0)            ; 0 (0)               ; 447 (447)                 ; 0 (0)         ; 0                 ; 0     ; 0                        ; 0                                      ; 0                                                 ; 0    ; 0 (0)  ; i                                                                                         ; input_harness                            ; altera_work  ;
;    |o|                                                             ; 142.9 (142.9)        ; 283.4 (283.4)                    ; 150.2 (150.2)                                     ; 9.8 (9.8)                        ; 0.0 (0.0)            ; 357 (357)           ; 606 (606)                 ; 0 (0)         ; 0                 ; 0     ; 0                        ; 0                                      ; 0                                                 ; 0    ; 0 (0)  ; o                                                                                         ; output_harness                           ; altera_work  ;
+--------------------------------------------------------------------+----------------------+----------------------------------+---------------------------------------------------+----------------------------------+----------------------+---------------------+---------------------------+---------------+-------------------+-------+--------------------------+----------------------------------------+---------------------------------------------------+------+--------+-------------------------------------------------------------------------------------------+------------------------------------------+--------------+
Note: For table entries with two numbers listed, the numbers in parentheses indicate the number of resources of the given type used by the specific entity alone. The numbers listed outside of parentheses indicate the total resources of the given type used by the specific entity and all of its sub-entities in the hierarchy.


+----------------------------------------------------------+
; Global & Other Fast Signals Summary                      ;
+----------+----------+---------+--------------------------+
; Name     ; Location ; Fan-Out ; Clock Region             ;
+----------+----------+---------+--------------------------+
; CLK_SLOW ; PIN_BF21 ; 3       ; Sectors (7, 3) to (7, 4) ;
+----------+----------+---------+--------------------------+


-------------------------------
; Global Signal Visualization ;
-------------------------------
This report is unavailable in plain text report export.


+--------------------------------------------------------------------------------------------------+
; Global & Other Fast Signals Details                                                              ;
+---------------------------------------------------+----------------------------------------------+
; Property                                          ; Value                                        ;
+---------------------------------------------------+----------------------------------------------+
; Name                                              ; CLK_SLOW                                     ;
;     -- Source Node                                ; CLK_SLOW~pad                                 ;
;     -- Source Type                                ; I/O pad                                      ;
;     -- Source Location                            ; PIN_BF21                                     ;
;     -- Fan-Out                                    ; 3                                            ;
;     -- Promotion Reason                           ; Automatically promoted                       ;
;     -- Clock Region                               ; Sectors (7, 3) to (7, 4)                     ;
;     -- Clock Partition Ownership for Preservation ; root_partition                               ;
;     -- Clock Region Size (in Sectors)             ; 1 x 2 (2 total)                              ;
;     -- Clock Region Bounding Box                  ; (233, 109) to (248, 180)                     ;
;     -- Clock Region Constraint                    ; SX7 SY3 SX7 SY4                              ;
;     -- Terminating Spine Index                    ; 10                                           ;
;     -- Path Length                                ; 1.5 clock sector wire(s) and 1 layer jump(s) ;
;         -- Length from Clock Source to Clock Tree ; 1.0 clock sector wire(s) and 1 layer jump(s) ;
;         -- Clock Tree Length                      ; 0.5 clock sector wire(s) and 0 layer jump(s) ;
+---------------------------------------------------+----------------------------------------------+
To visualize how these signals are routed, use the Chip Planner task "Report Clock Details".
To manually specify the size and placement of these signals, use the Assignment Editor to make Clock Region assignments.


+---------------------------------------------+
; Non-Global High Fan-Out Signals             ;
+----------------+---------+------------------+
; Name           ; Fan-Out ; Physical Fan-Out ;
+----------------+---------+------------------+
; CLK_FAST~input ; 30379   ; 3810             ;
; RST_N~input    ; 11981   ; 7054             ;
+----------------+---------+------------------+


+--------------------------------------------------------------------------------------------------------------------------------------------------------------------------------------------------------------------------------------------------------------------------------------------------------------------------------------------------------------------------------------------------------------------------------------------------------------------------------------------------------------------------------------------------------------------------------------------------------------------------------------------+
; Fitter RAM Summary                                                                                                                                                                                                                                                                                                                                                                                                                                                                                                                                                                                                                         ;
+----------------------------------------------------------------------------------------------------------+------+------------------+--------------+--------------+--------------+--------------+--------------+------------------------+-------------------------+------------------------+-------------------------+------+-----------------------------+-----------------------------+-----------------------------+-----------------------------+---------------------+-------------+-------+------+------------------+---------------------+-----------------+-----------------+----------+------------------------+-------------------+
; Name                                                                                                     ; Type ; Mode             ; Clock Mode   ; Port A Depth ; Port A Width ; Port B Depth ; Port B Width ; Port A Input Registers ; Port A Output Registers ; Port B Input Registers ; Port B Output Registers ; Size ; Implementation Port A Depth ; Implementation Port A Width ; Implementation Port B Depth ; Implementation Port B Width ; Implementation Bits ; M20K blocks ; MLABs ; MIF  ; Location         ; Mixed Port RDW Mode ; Port A RDW Mode ; Port B RDW Mode ; ECC Mode ; ECC Pipeline Registers ; Fits in MLABs     ;
+----------------------------------------------------------------------------------------------------------+------+------------------+--------------+--------------+--------------+--------------+--------------+------------------------+-------------------------+------------------------+-------------------------+------+-----------------------------+-----------------------------+-----------------------------+-----------------------------+---------------------+-------------+-------+------+------------------+---------------------+-----------------+-----------------+----------+------------------------+-------------------+
; dut|exposer4x32Impl_rScoreboard_bram_memory|RAM_rtl_0|auto_generated|altera_syncram_impl1|ALTERA_SYNCRAM ; AUTO ; Simple Dual Port ; Single Clock ; 16           ; 72           ; 16           ; 72           ; yes                    ; no                      ; yes                    ; yes                     ; 1152 ; 16                          ; 3                           ; 16                          ; 4                           ; 64                  ; 1           ; 0     ; None ; M20K_X228_Y75_N0 ; Don't care          ; New data        ; New data        ; Off      ; No                     ; No - Size Too Big ;
; dut|exposer4x32Impl_wIn|arr_rtl_0|auto_generated|altera_syncram_impl1|ALTERA_SYNCRAM                     ; AUTO ; Simple Dual Port ; Single Clock ; 50           ; 19           ; 50           ; 19           ; yes                    ; no                      ; yes                    ; no                      ; 950  ; 50                          ; 18                          ; 50                          ; 19                          ; 950                 ; 1           ; 0     ; None ; M20K_X218_Y86_N0 ; Old data            ; New data        ; New data        ; Off      ; No                     ; No - Size Too Big ;
; dut|exposer4x32Impl_wScoreboard_bram_memory|RAM_rtl_0|auto_generated|altera_syncram_impl1|ALTERA_SYNCRAM ; AUTO ; Simple Dual Port ; Single Clock ; 16           ; 72           ; 16           ; 72           ; yes                    ; no                      ; yes                    ; yes                     ; 1152 ; 16                          ; 3                           ; 16                          ; 4                           ; 64                  ; 1           ; 0     ; None ; M20K_X234_Y89_N0 ; Don't care          ; New data        ; New data        ; Off      ; No                     ; No - Size Too Big ;
+----------------------------------------------------------------------------------------------------------+------+------------------+--------------+--------------+--------------+--------------+--------------+------------------------+-------------------------+------------------------+-------------------------+------+-----------------------------+-----------------------------+-----------------------------+-----------------------------+---------------------+-------------+-------+------+------------------+---------------------+-----------------+-----------------+----------+------------------------+-------------------+
Note: Fitter may spread logical memories into multiple blocks to improve timing. The actual required RAM blocks can be found in the Fitter Resource Usage section.


+--------------------------------------------------------------------------------------------------------------------------------------------------------------------------------------------+
; Fitter Physical RAM Information                                                                                                                                                            ;
+-----------------------+-------------------------+-------------------------------+----------------------------------------------------------------------------------------------------------+
; Physical RAM Location ; Physical RAM Usage Bits ; Physical RAM Usage Percentage ; Logical RAM Name                                                                                         ;
+-----------------------+-------------------------+-------------------------------+----------------------------------------------------------------------------------------------------------+
; M20K_X228_Y75_N0      ; 64                      ; 0.3                           ; dut|exposer4x32Impl_rScoreboard_bram_memory|RAM_rtl_0|auto_generated|altera_syncram_impl1|ALTERA_SYNCRAM ;
; M20K_X234_Y89_N0      ; 64                      ; 0.3                           ; dut|exposer4x32Impl_wScoreboard_bram_memory|RAM_rtl_0|auto_generated|altera_syncram_impl1|ALTERA_SYNCRAM ;
; M20K_X218_Y86_N0      ; 950                     ; 4.6                           ; dut|exposer4x32Impl_wIn|arr_rtl_0|auto_generated|altera_syncram_impl1|ALTERA_SYNCRAM                     ;
+-----------------------+-------------------------+-------------------------------+----------------------------------------------------------------------------------------------------------+
Note: This table shows up to 500 physical rams that are least utilized. You can change this number by setting PHYSICAL_RAM_RPT_MAX_ROW in qsf file.


+----------------+
; Place Messages ;
+----------------+
Info (20030): Parallel compilation is enabled and will use 24 of the 24 processors detected
Info: *******************************************************************
Info: Running Quartus Prime Fitter
    Info: Version 23.2.0 Build 94 06/14/2023 SC Pro Edition
    Info: Processing started: Fri Oct 17 17:51:39 2025
    Info: System process ID: 2062796
Info: Command: quartus_fit --read_settings_files=on --write_settings_files=off SimpleIOCapExposerKeyMngrV2Tb_design -c SimpleIOCapExposerKeyMngrV2Tb_design
Info: qfit2_default_script.tcl version: #1
Info: Project  = SimpleIOCapExposerKeyMngrV2Tb_design
Info: Revision = SimpleIOCapExposerKeyMngrV2Tb_design
Info (11165): Fitter preparation operations ending: elapsed time is 00:02:20
Info (22300): Design uses Placement Effort Multiplier = 1.0.
Info (14951): The Fitter is using Advanced Physical Optimization.
Info (11888): Total time spent on timing analysis during Global Placement is 0.00 seconds.
Info (18252): The Fitter is using Physical Synthesis.
Info (18258): Fitter Physical Synthesis operations beginning
Info (18259): Fitter Physical Synthesis operations ending: elapsed time is 00:00:24
Info (11888): Total time spent on timing analysis during Physical Synthesis is 0.00 seconds.
Info (11178): Promoted 1 clock 
    Info (18386): CLK_SLOW (3 fanout) drives clock sectors (7, 3) to (7, 4)
Info (22300): Design uses Placement Effort Multiplier = 1.0.
Info (170189): Fitter placement preparation operations beginning
Info (170190): Fitter placement preparation operations ending: elapsed time is 00:00:25
Info (170191): Fitter placement operations beginning
Info (170137): Fitter placement was successful
Info (170192): Fitter placement operations ending: elapsed time is 00:00:45
Info (11888): Total time spent on timing analysis during Placement is 0.01 seconds.


